MPLINK 5.00, LINKER
Linker Map File - Created Wed Jan 04 19:04:18 2023

                                 Section Info
                  Section       Type    Address   Location Size(Bytes)
                ---------  ---------  ---------  ---------  ---------
               _entry_scn       code   0x000000    program   0x000006
           .code___init.o       code   0x000006    program   0x000002
      InterruptVectorHigh       code   0x000008    program   0x000006
     .idata_interrupt.o_i    romdata   0x00000e    program   0x000004
         .idata_c018i.o_i    romdata   0x000012    program   0x000000
            .code_c018i.o       code   0x000012    program   0x000000
        .idata___init.o_i    romdata   0x000012    program   0x000000
       .idata_fxm3232.o_i    romdata   0x000012    program   0x000000
      .idata_fxd3232u.o_i    romdata   0x000012    program   0x000000
      .idata_fxd2424u.o_i    romdata   0x000012    program   0x000000
      .idata_fxd1616u.o_i    romdata   0x000012    program   0x000000
      .idata_fxd0808u.o_i    romdata   0x000012    program   0x000000
           .idata_adc.o_i    romdata   0x000012    program   0x000000
       InterruptVectorLow       code   0x000018    program   0x000006
                   .cinit    romdata   0x00001e    program   0x000062
             .code_main.o       code   0x000080    program   0x000e5a
              .code_lcd.o       code   0x000eda    program   0x00087c
             .stringtable    romdata   0x001756    program   0x0006c7
           .idata_pwm.o_i    romdata   0x001e1d    program   0x000001
           .romdata_pwm.o    romdata   0x001e1d    program   0x000000
           .romdata_adc.o    romdata   0x001e1d    program   0x000000
           .romdata_i2c.o    romdata   0x001e1d    program   0x000000
.romdata_simulate_machine.o    romdata   0x001e1d    program   0x000000
           .romdata_lcd.o    romdata   0x001e1d    program   0x000000
         .romdata_timer.o    romdata   0x001e1d    program   0x000000
          .romdata_main.o    romdata   0x001e1d    program   0x000000
      .romdata_fxd0808u.o    romdata   0x001e1d    program   0x000000
     .romdata_interrupt.o    romdata   0x001e1d    program   0x000000
         .romdata_c018i.o    romdata   0x001e1d    program   0x000000
        .romdata___init.o    romdata   0x001e1d    program   0x000000
       .romdata_fxm3232.o    romdata   0x001e1d    program   0x000000
          .idata_uart.o_i    romdata   0x001e1d    program   0x000000
      .romdata_fxd3232u.o    romdata   0x001e1d    program   0x000000
          .romdata_uart.o    romdata   0x001e1d    program   0x000000
      .romdata_fxd2424u.o    romdata   0x001e1d    program   0x000000
      .romdata_fxd1616u.o    romdata   0x001e1d    program   0x000000
        .romdata_button.o    romdata   0x001e1d    program   0x000000
 .code_simulate_machine.o       code   0x001e1e    program   0x000600
             .code_uart.o       code   0x00241e    program   0x000382
           .code_button.o       code   0x0027a0    program   0x00036e
              .code_i2c.o       code   0x002b0e    program   0x00028c
            .code_timer.o       code   0x002d9a    program   0x000264
        .code_interrupt.o       code   0x002ffe    program   0x00017c
                     PROG       code   0x00317a    program   0x0000a6
               _cinit_scn       code   0x003220    program   0x00009e
              .code_adc.o       code   0x0032be    program   0x000090
          .code_fxm3232.o       code   0x00334e    program   0x000070
         .code_fxd3232u.o       code   0x0033be    program   0x000048
         .code_fxd2424u.o       code   0x003406    program   0x00003a
              .code_pwm.o       code   0x003440    program   0x000038
         .code_fxd1616u.o       code   0x003478    program   0x00002c
                    .code       code   0x0034a4    program   0x000020
             _startup_scn       code   0x0034c4    program   0x00001c
         .code_fxd0808u.o       code   0x0034e0    program   0x00001c
         .idata_timer.o_i    romdata   0x0034fc    program   0x000020
.idata_simulate_machine.o_i    romdata   0x00351c    program   0x000017
          .idata_main.o_i    romdata   0x003533    program   0x000048
           .idata_lcd.o_i    romdata   0x00357b    program   0x000061
           .idata_i2c.o_i    romdata   0x0035dc    program   0x00001b
        .idata_button.o_i    romdata   0x0035f7    program   0x000028
    .config_300001_main.o    romdata   0x300001    program   0x000001
    .config_300002_main.o    romdata   0x300002    program   0x000001
    .config_300003_main.o    romdata   0x300003    program   0x000001
    .config_300005_main.o    romdata   0x300005    program   0x000001
    .config_300006_main.o    romdata   0x300006    program   0x000001
    .config_300008_main.o    romdata   0x300008    program   0x000001
    .config_300009_main.o    romdata   0x300009    program   0x000001
    .config_30000a_main.o    romdata   0x30000a    program   0x000001
    .config_30000b_main.o    romdata   0x30000b    program   0x000001
    .config_30000c_main.o    romdata   0x30000c    program   0x000001
    .config_30000d_main.o    romdata   0x30000d    program   0x000001
                MATH_DATA      udata   0x000000       data   0x000010
                 .tmpdata      udata   0x000010       data   0x00000a
.udata_simulate_machine.o      udata   0x000080       data   0x00006f
           .udata_c018i.o      udata   0x0000ef       data   0x00000a
            .udata_main.o      udata   0x0000f9       data   0x000006
             .udata_pwm.o      udata   0x0000ff       data   0x000001
            .idata_main.o      idata   0x000100       data   0x000048
          .idata_button.o      idata   0x000148       data   0x000028
           .idata_timer.o      idata   0x000170       data   0x000020
             .udata_adc.o      udata   0x000190       data   0x00001a
.idata_simulate_machine.o      idata   0x0001aa       data   0x000017
       .idata_interrupt.o      idata   0x0001c1       data   0x000004
             .udata_i2c.o      udata   0x0001c5       data   0x000001
             .idata_pwm.o      idata   0x0001c6       data   0x000001
        .udata_fxd1616u.o      udata   0x0001c7       data   0x000000
        .idata_fxd1616u.o      idata   0x0001c7       data   0x000000
        .idata_fxd0808u.o      idata   0x0001c7       data   0x000000
        .udata_fxd2424u.o      udata   0x0001c7       data   0x000000
        .idata_fxd2424u.o      idata   0x0001c7       data   0x000000
        .udata_fxd3232u.o      udata   0x0001c7       data   0x000000
        .idata_fxd3232u.o      idata   0x0001c7       data   0x000000
         .udata_fxm3232.o      udata   0x0001c7       data   0x000000
         .idata_fxm3232.o      idata   0x0001c7       data   0x000000
          .udata___init.o      udata   0x0001c7       data   0x000000
          .idata___init.o      idata   0x0001c7       data   0x000000
        .udata_fxd0808u.o      udata   0x0001c7       data   0x000000
             .idata_adc.o      idata   0x0001c7       data   0x000000
           .udata_timer.o      udata   0x0001c7       data   0x000000
       .udata_interrupt.o      udata   0x0001c7       data   0x000000
          .udata_button.o      udata   0x0001c7       data   0x000000
            .idata_uart.o      idata   0x0001c7       data   0x000000
            .udata_uart.o      udata   0x0001c7       data   0x000000
           .idata_c018i.o      idata   0x0001c7       data   0x000000
                   .stack      udata   0x000e00       data   0x000100
             .idata_lcd.o      idata   0x000f00       data   0x000061
             .idata_i2c.o      idata   0x000f61       data   0x00001b
             .udata_lcd.o      udata   0x000f7c       data   0x000004
            SFR_UNBANKED0      udata   0x000f80       data   0x000080



                              Program Memory Usage 
                               Start         End      
                           ---------   ---------      
                            0x000000    0x000011      
                            0x000018    0x00361e      
                            0x300001    0x300003      
                            0x300005    0x300006      
                            0x300008    0x30000d      
            13860 out of 66584 program addresses used, program memory utilization is 20%



                              Symbols - Sorted by Name
                     Name    Address   Location    Storage File                     
                ---------  ---------  ---------  --------- ---------                
         App_PasswordDoor   0x000a16    program     extern C:\Users\anhni\Downloads\PICKITMPLAB\VDK-11-5 (extract.me)\Bai5_TRAFFIC_UART\main.c
                  BCD2Dec   0x002b0e    program     extern C:\Users\anhni\Downloads\PICKITMPLAB\VDK-11-5 (extract.me)\Bai5_TRAFFIC_UART\i2c\i2c.c
            CheckPassword   0x000aec    program     extern C:\Users\anhni\Downloads\PICKITMPLAB\VDK-11-5 (extract.me)\Bai5_TRAFFIC_UART\main.c
              CloseOutput   0x0001ac    program     extern C:\Users\anhni\Downloads\PICKITMPLAB\VDK-11-5 (extract.me)\Bai5_TRAFFIC_UART\main.c
                   D1616S   0x00319c    program     static E:\3.46\pic18-lt\cxx-framework\src\traditional\math\fxd1616s.asm
                D1616SNEG   0x0031aa    program     static E:\3.46\pic18-lt\cxx-framework\src\traditional\math\fxd1616s.asm
                 D1616SOK   0x0031a6    program     static E:\3.46\pic18-lt\cxx-framework\src\traditional\math\fxd1616s.asm
                  D1616SX   0x0031bc    program     static E:\3.46\pic18-lt\cxx-framework\src\traditional\math\fxd1616s.asm
                   D2424S   0x0031f0    program     static E:\3.46\pic18-lt\cxx-framework\src\traditional\math\fxd2424s.asm
                D2424SNEG   0x0031fe    program     static E:\3.46\pic18-lt\cxx-framework\src\traditional\math\fxd2424s.asm
                 D2424SOK   0x0031fa    program     static E:\3.46\pic18-lt\cxx-framework\src\traditional\math\fxd2424s.asm
                  D2424SX   0x003216    program     static E:\3.46\pic18-lt\cxx-framework\src\traditional\math\fxd2424s.asm
                  DA1616S   0x00318c    program     static E:\3.46\pic18-lt\cxx-framework\src\traditional\math\fxd1616s.asm
                  DA2424S   0x0031dc    program     static E:\3.46\pic18-lt\cxx-framework\src\traditional\math\fxd2424s.asm
                  Dec2BCD   0x002b32    program     extern C:\Users\anhni\Downloads\PICKITMPLAB\VDK-11-5 (extract.me)\Bai5_TRAFFIC_UART\i2c\i2c.c
       DisplayDataReceive   0x002270    program     extern C:\Users\anhni\Downloads\PICKITMPLAB\VDK-11-5 (extract.me)\Bai5_TRAFFIC_UART\simulate_machine\simulate_machine.c
         DisplayLcdScreen   0x001298    program     extern C:\Users\anhni\Downloads\PICKITMPLAB\VDK-11-5 (extract.me)\Bai5_TRAFFIC_UART\lcd\lcd.c
        DisplayLcdScreen2   0x001318    program     extern C:\Users\anhni\Downloads\PICKITMPLAB\VDK-11-5 (extract.me)\Bai5_TRAFFIC_UART\lcd\lcd.c
      DisplayLcdScreenOld   0x001356    program     extern C:\Users\anhni\Downloads\PICKITMPLAB\VDK-11-5 (extract.me)\Bai5_TRAFFIC_UART\lcd\lcd.c
           Display_number   0x0002b8    program     extern C:\Users\anhni\Downloads\PICKITMPLAB\VDK-11-5 (extract.me)\Bai5_TRAFFIC_UART\main.c
                 FXD0808U   0x0034e0    program     extern E:\3.46\pic18-lt\cxx-framework\src\traditional\math\fxd0808u.c
                 FXD1616S   0x00317a    program     extern E:\3.46\pic18-lt\cxx-framework\src\traditional\math\fxd1616s.asm
                 FXD1616U   0x003478    program     extern E:\3.46\pic18-lt\cxx-framework\src\traditional\math\fxd1616u.c
                 FXD2424S   0x0031c6    program     extern E:\3.46\pic18-lt\cxx-framework\src\traditional\math\fxd2424s.asm
                 FXD2424U   0x003406    program     extern E:\3.46\pic18-lt\cxx-framework\src\traditional\math\fxd2424u.c
                 FXD3232U   0x0033be    program     extern E:\3.46\pic18-lt\cxx-framework\src\traditional\math\fxd3232u.c
                  FXM3232   0x00334e    program     extern E:\3.46\pic18-lt\cxx-framework\src\traditional\math\fxm3232.c
      InterruptVectorHigh   0x000008    program     extern C:\Users\anhni\Downloads\PICKITMPLAB\VDK-11-5 (extract.me)\Bai5_TRAFFIC_UART\interrupt\interrupt.c
       InterruptVectorLow   0x000018    program     extern C:\Users\anhni\Downloads\PICKITMPLAB\VDK-11-5 (extract.me)\Bai5_TRAFFIC_UART\interrupt\interrupt.c
                LcdClearS   0x001248    program     extern C:\Users\anhni\Downloads\PICKITMPLAB\VDK-11-5 (extract.me)\Bai5_TRAFFIC_UART\lcd\lcd.c
            LcdPrintCharS   0x001378    program     extern C:\Users\anhni\Downloads\PICKITMPLAB\VDK-11-5 (extract.me)\Bai5_TRAFFIC_UART\lcd\lcd.c
              LcdPrintNum   0x0011e4    program     extern C:\Users\anhni\Downloads\PICKITMPLAB\VDK-11-5 (extract.me)\Bai5_TRAFFIC_UART\lcd\lcd.c
             LcdPrintNumS   0x0013b8    program     extern C:\Users\anhni\Downloads\PICKITMPLAB\VDK-11-5 (extract.me)\Bai5_TRAFFIC_UART\lcd\lcd.c
           LcdPrintString   0x00120a    program     extern C:\Users\anhni\Downloads\PICKITMPLAB\VDK-11-5 (extract.me)\Bai5_TRAFFIC_UART\lcd\lcd.c
          LcdPrintStringS   0x001454    program     extern C:\Users\anhni\Downloads\PICKITMPLAB\VDK-11-5 (extract.me)\Bai5_TRAFFIC_UART\lcd\lcd.c
          LcdTrafficLight   0x000420    program     extern C:\Users\anhni\Downloads\PICKITMPLAB\VDK-11-5 (extract.me)\Bai5_TRAFFIC_UART\main.c
          LedTrafficLight   0x000474    program     extern C:\Users\anhni\Downloads\PICKITMPLAB\VDK-11-5 (extract.me)\Bai5_TRAFFIC_UART\main.c
                 LockDoor   0x000bee    program     extern C:\Users\anhni\Downloads\PICKITMPLAB\VDK-11-5 (extract.me)\Bai5_TRAFFIC_UART\main.c
        Manual_Adjustment   0x0008f0    program     extern C:\Users\anhni\Downloads\PICKITMPLAB\VDK-11-5 (extract.me)\Bai5_TRAFFIC_UART\main.c
               OpenOutput   0x000186    program     extern C:\Users\anhni\Downloads\PICKITMPLAB\VDK-11-5 (extract.me)\Bai5_TRAFFIC_UART\main.c
          Phase1_GreenOff   0x00025e    program     extern C:\Users\anhni\Downloads\PICKITMPLAB\VDK-11-5 (extract.me)\Bai5_TRAFFIC_UART\main.c
           Phase1_GreenOn   0x000258    program     extern C:\Users\anhni\Downloads\PICKITMPLAB\VDK-11-5 (extract.me)\Bai5_TRAFFIC_UART\main.c
            Phase1_RedOff   0x000282    program     extern C:\Users\anhni\Downloads\PICKITMPLAB\VDK-11-5 (extract.me)\Bai5_TRAFFIC_UART\main.c
             Phase1_RedOn   0x00027c    program     extern C:\Users\anhni\Downloads\PICKITMPLAB\VDK-11-5 (extract.me)\Bai5_TRAFFIC_UART\main.c
         Phase1_YellowOff   0x000276    program     extern C:\Users\anhni\Downloads\PICKITMPLAB\VDK-11-5 (extract.me)\Bai5_TRAFFIC_UART\main.c
          Phase1_YellowOn   0x000270    program     extern C:\Users\anhni\Downloads\PICKITMPLAB\VDK-11-5 (extract.me)\Bai5_TRAFFIC_UART\main.c
          Phase2_GreenOff   0x00028e    program     extern C:\Users\anhni\Downloads\PICKITMPLAB\VDK-11-5 (extract.me)\Bai5_TRAFFIC_UART\main.c
           Phase2_GreenOn   0x000288    program     extern C:\Users\anhni\Downloads\PICKITMPLAB\VDK-11-5 (extract.me)\Bai5_TRAFFIC_UART\main.c
            Phase2_RedOff   0x0002b2    program     extern C:\Users\anhni\Downloads\PICKITMPLAB\VDK-11-5 (extract.me)\Bai5_TRAFFIC_UART\main.c
             Phase2_RedOn   0x0002ac    program     extern C:\Users\anhni\Downloads\PICKITMPLAB\VDK-11-5 (extract.me)\Bai5_TRAFFIC_UART\main.c
         Phase2_YellowOff   0x0002a6    program     extern C:\Users\anhni\Downloads\PICKITMPLAB\VDK-11-5 (extract.me)\Bai5_TRAFFIC_UART\main.c
          Phase2_YellowOn   0x0002a0    program     extern C:\Users\anhni\Downloads\PICKITMPLAB\VDK-11-5 (extract.me)\Bai5_TRAFFIC_UART\main.c
            ReverseOutput   0x0001d2    program     extern C:\Users\anhni\Downloads\PICKITMPLAB\VDK-11-5 (extract.me)\Bai5_TRAFFIC_UART\main.c
             SetTimer0_ms   0x002ed6    program     extern C:\Users\anhni\Downloads\PICKITMPLAB\VDK-11-5 (extract.me)\Bai5_TRAFFIC_UART\timer\timer.c
             SetTimer1_ms   0x002eee    program     extern C:\Users\anhni\Downloads\PICKITMPLAB\VDK-11-5 (extract.me)\Bai5_TRAFFIC_UART\timer\timer.c
             SetTimer3_ms   0x002f20    program     extern C:\Users\anhni\Downloads\PICKITMPLAB\VDK-11-5 (extract.me)\Bai5_TRAFFIC_UART\timer\timer.c
         SimulatedataSend   0x00226e    program     extern C:\Users\anhni\Downloads\PICKITMPLAB\VDK-11-5 (extract.me)\Bai5_TRAFFIC_UART\simulate_machine\simulate_machine.c
                Slow_mode   0x00089c    program     extern C:\Users\anhni\Downloads\PICKITMPLAB\VDK-11-5 (extract.me)\Bai5_TRAFFIC_UART\main.c
               TestOutput   0x000202    program     extern C:\Users\anhni\Downloads\PICKITMPLAB\VDK-11-5 (extract.me)\Bai5_TRAFFIC_UART\main.c
         TimeTrafficLight   0x0004ba    program     extern C:\Users\anhni\Downloads\PICKITMPLAB\VDK-11-5 (extract.me)\Bai5_TRAFFIC_UART\main.c
              Traffic_fsm   0x0002d4    program     extern C:\Users\anhni\Downloads\PICKITMPLAB\VDK-11-5 (extract.me)\Bai5_TRAFFIC_UART\main.c
   UartDataReceiveProcess   0x0005e8    program     extern C:\Users\anhni\Downloads\PICKITMPLAB\VDK-11-5 (extract.me)\Bai5_TRAFFIC_UART\main.c
              UartSendNum   0x0025b4    program     extern C:\Users\anhni\Downloads\PICKITMPLAB\VDK-11-5 (extract.me)\Bai5_TRAFFIC_UART\uart\uart.c
           UartSendString   0x0024d6    program     extern C:\Users\anhni\Downloads\PICKITMPLAB\VDK-11-5 (extract.me)\Bai5_TRAFFIC_UART\uart\uart.c
               UnlockDoor   0x000bde    program     extern C:\Users\anhni\Downloads\PICKITMPLAB\VDK-11-5 (extract.me)\Bai5_TRAFFIC_UART\main.c
  WaitingTimeTrafficLight   0x000526    program     extern C:\Users\anhni\Downloads\PICKITMPLAB\VDK-11-5 (extract.me)\Bai5_TRAFFIC_UART\main.c
         Walking_GreenOff   0x00026a    program     extern C:\Users\anhni\Downloads\PICKITMPLAB\VDK-11-5 (extract.me)\Bai5_TRAFFIC_UART\main.c
          Walking_GreenOn   0x000264    program     extern C:\Users\anhni\Downloads\PICKITMPLAB\VDK-11-5 (extract.me)\Bai5_TRAFFIC_UART\main.c
           Walking_RedOff   0x00029a    program     extern C:\Users\anhni\Downloads\PICKITMPLAB\VDK-11-5 (extract.me)\Bai5_TRAFFIC_UART\main.c
            Walking_RedOn   0x000294    program     extern C:\Users\anhni\Downloads\PICKITMPLAB\VDK-11-5 (extract.me)\Bai5_TRAFFIC_UART\main.c
       ___return_lbl00000   0x0034fa    program     static                          
       ___return_lbl00000   0x0033bc    program     static                          
       ___return_lbl00000   0x000004    program     static                          
       ___return_lbl00000   0x003404    program     static                          
       ___return_lbl00000   0x00343e    program     static                          
       ___return_lbl00000   0x0034a2    program     static                          
       ___return_lbl00001   0x0034de    program     static                          
       ___return_lbl00002   0x00001c    program     static                          
       ___return_lbl00002   0x0032bc    program     static                          
       ___return_lbl00003   0x00000c    program     static                          
               __config_0   0x300001    program     static C:\Users\anhni\Downloads\PICKITMPLAB\VDK-11-5 (extract.me)\Bai5_TRAFFIC_UART\main.c
               __config_1   0x300002    program     static C:\Users\anhni\Downloads\PICKITMPLAB\VDK-11-5 (extract.me)\Bai5_TRAFFIC_UART\main.c
              __config_10   0x30000d    program     static C:\Users\anhni\Downloads\PICKITMPLAB\VDK-11-5 (extract.me)\Bai5_TRAFFIC_UART\main.c
               __config_2   0x300003    program     static C:\Users\anhni\Downloads\PICKITMPLAB\VDK-11-5 (extract.me)\Bai5_TRAFFIC_UART\main.c
               __config_3   0x300005    program     static C:\Users\anhni\Downloads\PICKITMPLAB\VDK-11-5 (extract.me)\Bai5_TRAFFIC_UART\main.c
               __config_4   0x300006    program     static C:\Users\anhni\Downloads\PICKITMPLAB\VDK-11-5 (extract.me)\Bai5_TRAFFIC_UART\main.c
               __config_5   0x300008    program     static C:\Users\anhni\Downloads\PICKITMPLAB\VDK-11-5 (extract.me)\Bai5_TRAFFIC_UART\main.c
               __config_6   0x300009    program     static C:\Users\anhni\Downloads\PICKITMPLAB\VDK-11-5 (extract.me)\Bai5_TRAFFIC_UART\main.c
               __config_7   0x30000a    program     static C:\Users\anhni\Downloads\PICKITMPLAB\VDK-11-5 (extract.me)\Bai5_TRAFFIC_UART\main.c
               __config_8   0x30000b    program     static C:\Users\anhni\Downloads\PICKITMPLAB\VDK-11-5 (extract.me)\Bai5_TRAFFIC_UART\main.c
               __config_9   0x30000c    program     static C:\Users\anhni\Downloads\PICKITMPLAB\VDK-11-5 (extract.me)\Bai5_TRAFFIC_UART\main.c
                   __init   0x000006    program     extern E:\3.46\pic18-lt\cxx-framework\src\traditional\stdclib\__init.c
                   __pa_0   0x0030f2    program     static C:\Users\anhni\Downloads\PICKITMPLAB\VDK-11-5 (extract.me)\Bai5_TRAFFIC_UART\interrupt\interrupt.c
                   __pa_0   0x002f52    program     static C:\Users\anhni\Downloads\PICKITMPLAB\VDK-11-5 (extract.me)\Bai5_TRAFFIC_UART\timer\timer.c
                   __pa_0   0x000c1e    program     static C:\Users\anhni\Downloads\PICKITMPLAB\VDK-11-5 (extract.me)\Bai5_TRAFFIC_UART\main.c
                   __pa_0   0x002d1c    program     static C:\Users\anhni\Downloads\PICKITMPLAB\VDK-11-5 (extract.me)\Bai5_TRAFFIC_UART\i2c\i2c.c
                   __pa_0   0x001486    program     static C:\Users\anhni\Downloads\PICKITMPLAB\VDK-11-5 (extract.me)\Bai5_TRAFFIC_UART\lcd\lcd.c
                   __pa_0   0x0022c4    program     static C:\Users\anhni\Downloads\PICKITMPLAB\VDK-11-5 (extract.me)\Bai5_TRAFFIC_UART\simulate_machine\simulate_machine.c
                   __pa_0   0x0026c2    program     static C:\Users\anhni\Downloads\PICKITMPLAB\VDK-11-5 (extract.me)\Bai5_TRAFFIC_UART\uart\uart.c
                   __pa_0   0x0029fc    program     static C:\Users\anhni\Downloads\PICKITMPLAB\VDK-11-5 (extract.me)\Bai5_TRAFFIC_UART\button_matrix\button.c
                   __pa_1   0x002f7e    program     static C:\Users\anhni\Downloads\PICKITMPLAB\VDK-11-5 (extract.me)\Bai5_TRAFFIC_UART\timer\timer.c
                   __pa_1   0x002d24    program     static C:\Users\anhni\Downloads\PICKITMPLAB\VDK-11-5 (extract.me)\Bai5_TRAFFIC_UART\i2c\i2c.c
                   __pa_1   0x0026e0    program     static C:\Users\anhni\Downloads\PICKITMPLAB\VDK-11-5 (extract.me)\Bai5_TRAFFIC_UART\uart\uart.c
                   __pa_1   0x002a1c    program     static C:\Users\anhni\Downloads\PICKITMPLAB\VDK-11-5 (extract.me)\Bai5_TRAFFIC_UART\button_matrix\button.c
                   __pa_1   0x0022d0    program     static C:\Users\anhni\Downloads\PICKITMPLAB\VDK-11-5 (extract.me)\Bai5_TRAFFIC_UART\simulate_machine\simulate_machine.c
                   __pa_1   0x001494    program     static C:\Users\anhni\Downloads\PICKITMPLAB\VDK-11-5 (extract.me)\Bai5_TRAFFIC_UART\lcd\lcd.c
                   __pa_1   0x000c2c    program     static C:\Users\anhni\Downloads\PICKITMPLAB\VDK-11-5 (extract.me)\Bai5_TRAFFIC_UART\main.c
                   __pa_1   0x00311c    program     static C:\Users\anhni\Downloads\PICKITMPLAB\VDK-11-5 (extract.me)\Bai5_TRAFFIC_UART\interrupt\interrupt.c
                  __pa_10   0x002332    program     static C:\Users\anhni\Downloads\PICKITMPLAB\VDK-11-5 (extract.me)\Bai5_TRAFFIC_UART\simulate_machine\simulate_machine.c
                  __pa_10   0x002ff0    program     static C:\Users\anhni\Downloads\PICKITMPLAB\VDK-11-5 (extract.me)\Bai5_TRAFFIC_UART\timer\timer.c
                  __pa_10   0x00275c    program     static C:\Users\anhni\Downloads\PICKITMPLAB\VDK-11-5 (extract.me)\Bai5_TRAFFIC_UART\uart\uart.c
                  __pa_10   0x002a9c    program     static C:\Users\anhni\Downloads\PICKITMPLAB\VDK-11-5 (extract.me)\Bai5_TRAFFIC_UART\button_matrix\button.c
                  __pa_10   0x000c86    program     static C:\Users\anhni\Downloads\PICKITMPLAB\VDK-11-5 (extract.me)\Bai5_TRAFFIC_UART\main.c
                  __pa_10   0x001518    program     static C:\Users\anhni\Downloads\PICKITMPLAB\VDK-11-5 (extract.me)\Bai5_TRAFFIC_UART\lcd\lcd.c
                  __pa_11   0x00233a    program     static C:\Users\anhni\Downloads\PICKITMPLAB\VDK-11-5 (extract.me)\Bai5_TRAFFIC_UART\simulate_machine\simulate_machine.c
                  __pa_11   0x002aa6    program     static C:\Users\anhni\Downloads\PICKITMPLAB\VDK-11-5 (extract.me)\Bai5_TRAFFIC_UART\button_matrix\button.c
                  __pa_11   0x000c8e    program     static C:\Users\anhni\Downloads\PICKITMPLAB\VDK-11-5 (extract.me)\Bai5_TRAFFIC_UART\main.c
                  __pa_11   0x00276a    program     static C:\Users\anhni\Downloads\PICKITMPLAB\VDK-11-5 (extract.me)\Bai5_TRAFFIC_UART\uart\uart.c
                  __pa_11   0x001532    program     static C:\Users\anhni\Downloads\PICKITMPLAB\VDK-11-5 (extract.me)\Bai5_TRAFFIC_UART\lcd\lcd.c
                  __pa_12   0x000c94    program     static C:\Users\anhni\Downloads\PICKITMPLAB\VDK-11-5 (extract.me)\Bai5_TRAFFIC_UART\main.c
                  __pa_12   0x002aae    program     static C:\Users\anhni\Downloads\PICKITMPLAB\VDK-11-5 (extract.me)\Bai5_TRAFFIC_UART\button_matrix\button.c
                  __pa_12   0x002342    program     static C:\Users\anhni\Downloads\PICKITMPLAB\VDK-11-5 (extract.me)\Bai5_TRAFFIC_UART\simulate_machine\simulate_machine.c
                  __pa_12   0x00277c    program     static C:\Users\anhni\Downloads\PICKITMPLAB\VDK-11-5 (extract.me)\Bai5_TRAFFIC_UART\uart\uart.c
                  __pa_12   0x00154c    program     static C:\Users\anhni\Downloads\PICKITMPLAB\VDK-11-5 (extract.me)\Bai5_TRAFFIC_UART\lcd\lcd.c
                  __pa_13   0x002352    program     static C:\Users\anhni\Downloads\PICKITMPLAB\VDK-11-5 (extract.me)\Bai5_TRAFFIC_UART\simulate_machine\simulate_machine.c
                  __pa_13   0x002ae0    program     static C:\Users\anhni\Downloads\PICKITMPLAB\VDK-11-5 (extract.me)\Bai5_TRAFFIC_UART\button_matrix\button.c
                  __pa_13   0x000cb0    program     static C:\Users\anhni\Downloads\PICKITMPLAB\VDK-11-5 (extract.me)\Bai5_TRAFFIC_UART\main.c
                  __pa_13   0x001564    program     static C:\Users\anhni\Downloads\PICKITMPLAB\VDK-11-5 (extract.me)\Bai5_TRAFFIC_UART\lcd\lcd.c
                  __pa_13   0x00278e    program     static C:\Users\anhni\Downloads\PICKITMPLAB\VDK-11-5 (extract.me)\Bai5_TRAFFIC_UART\uart\uart.c
                  __pa_14   0x00157c    program     static C:\Users\anhni\Downloads\PICKITMPLAB\VDK-11-5 (extract.me)\Bai5_TRAFFIC_UART\lcd\lcd.c
                  __pa_14   0x000cbc    program     static C:\Users\anhni\Downloads\PICKITMPLAB\VDK-11-5 (extract.me)\Bai5_TRAFFIC_UART\main.c
                  __pa_14   0x002358    program     static C:\Users\anhni\Downloads\PICKITMPLAB\VDK-11-5 (extract.me)\Bai5_TRAFFIC_UART\simulate_machine\simulate_machine.c
                  __pa_14   0x002ae8    program     static C:\Users\anhni\Downloads\PICKITMPLAB\VDK-11-5 (extract.me)\Bai5_TRAFFIC_UART\button_matrix\button.c
                  __pa_15   0x000cd2    program     static C:\Users\anhni\Downloads\PICKITMPLAB\VDK-11-5 (extract.me)\Bai5_TRAFFIC_UART\main.c
                  __pa_15   0x001594    program     static C:\Users\anhni\Downloads\PICKITMPLAB\VDK-11-5 (extract.me)\Bai5_TRAFFIC_UART\lcd\lcd.c
                  __pa_15   0x002364    program     static C:\Users\anhni\Downloads\PICKITMPLAB\VDK-11-5 (extract.me)\Bai5_TRAFFIC_UART\simulate_machine\simulate_machine.c
                  __pa_15   0x002af2    program     static C:\Users\anhni\Downloads\PICKITMPLAB\VDK-11-5 (extract.me)\Bai5_TRAFFIC_UART\button_matrix\button.c
                  __pa_16   0x002afc    program     static C:\Users\anhni\Downloads\PICKITMPLAB\VDK-11-5 (extract.me)\Bai5_TRAFFIC_UART\button_matrix\button.c
                  __pa_16   0x00236e    program     static C:\Users\anhni\Downloads\PICKITMPLAB\VDK-11-5 (extract.me)\Bai5_TRAFFIC_UART\simulate_machine\simulate_machine.c
                  __pa_16   0x000ce0    program     static C:\Users\anhni\Downloads\PICKITMPLAB\VDK-11-5 (extract.me)\Bai5_TRAFFIC_UART\main.c
                  __pa_16   0x0015a4    program     static C:\Users\anhni\Downloads\PICKITMPLAB\VDK-11-5 (extract.me)\Bai5_TRAFFIC_UART\lcd\lcd.c
                  __pa_17   0x000ce8    program     static C:\Users\anhni\Downloads\PICKITMPLAB\VDK-11-5 (extract.me)\Bai5_TRAFFIC_UART\main.c
                  __pa_17   0x0015b6    program     static C:\Users\anhni\Downloads\PICKITMPLAB\VDK-11-5 (extract.me)\Bai5_TRAFFIC_UART\lcd\lcd.c
                  __pa_17   0x00237a    program     static C:\Users\anhni\Downloads\PICKITMPLAB\VDK-11-5 (extract.me)\Bai5_TRAFFIC_UART\simulate_machine\simulate_machine.c
                  __pa_18   0x00238c    program     static C:\Users\anhni\Downloads\PICKITMPLAB\VDK-11-5 (extract.me)\Bai5_TRAFFIC_UART\simulate_machine\simulate_machine.c
                  __pa_18   0x0015c2    program     static C:\Users\anhni\Downloads\PICKITMPLAB\VDK-11-5 (extract.me)\Bai5_TRAFFIC_UART\lcd\lcd.c
                  __pa_18   0x000cee    program     static C:\Users\anhni\Downloads\PICKITMPLAB\VDK-11-5 (extract.me)\Bai5_TRAFFIC_UART\main.c
                  __pa_19   0x002398    program     static C:\Users\anhni\Downloads\PICKITMPLAB\VDK-11-5 (extract.me)\Bai5_TRAFFIC_UART\simulate_machine\simulate_machine.c
                  __pa_19   0x000d00    program     static C:\Users\anhni\Downloads\PICKITMPLAB\VDK-11-5 (extract.me)\Bai5_TRAFFIC_UART\main.c
                  __pa_19   0x0015d4    program     static C:\Users\anhni\Downloads\PICKITMPLAB\VDK-11-5 (extract.me)\Bai5_TRAFFIC_UART\lcd\lcd.c
                   __pa_2   0x002a36    program     static C:\Users\anhni\Downloads\PICKITMPLAB\VDK-11-5 (extract.me)\Bai5_TRAFFIC_UART\button_matrix\button.c
                   __pa_2   0x002d2e    program     static C:\Users\anhni\Downloads\PICKITMPLAB\VDK-11-5 (extract.me)\Bai5_TRAFFIC_UART\i2c\i2c.c
                   __pa_2   0x0026ee    program     static C:\Users\anhni\Downloads\PICKITMPLAB\VDK-11-5 (extract.me)\Bai5_TRAFFIC_UART\uart\uart.c
                   __pa_2   0x000c3a    program     static C:\Users\anhni\Downloads\PICKITMPLAB\VDK-11-5 (extract.me)\Bai5_TRAFFIC_UART\main.c
                   __pa_2   0x003142    program     static C:\Users\anhni\Downloads\PICKITMPLAB\VDK-11-5 (extract.me)\Bai5_TRAFFIC_UART\interrupt\interrupt.c
                   __pa_2   0x0014a0    program     static C:\Users\anhni\Downloads\PICKITMPLAB\VDK-11-5 (extract.me)\Bai5_TRAFFIC_UART\lcd\lcd.c
                   __pa_2   0x002f88    program     static C:\Users\anhni\Downloads\PICKITMPLAB\VDK-11-5 (extract.me)\Bai5_TRAFFIC_UART\timer\timer.c
                   __pa_2   0x0022d8    program     static C:\Users\anhni\Downloads\PICKITMPLAB\VDK-11-5 (extract.me)\Bai5_TRAFFIC_UART\simulate_machine\simulate_machine.c
                  __pa_20   0x0023ac    program     static C:\Users\anhni\Downloads\PICKITMPLAB\VDK-11-5 (extract.me)\Bai5_TRAFFIC_UART\simulate_machine\simulate_machine.c
                  __pa_20   0x000d0a    program     static C:\Users\anhni\Downloads\PICKITMPLAB\VDK-11-5 (extract.me)\Bai5_TRAFFIC_UART\main.c
                  __pa_20   0x0015e6    program     static C:\Users\anhni\Downloads\PICKITMPLAB\VDK-11-5 (extract.me)\Bai5_TRAFFIC_UART\lcd\lcd.c
                  __pa_21   0x000d14    program     static C:\Users\anhni\Downloads\PICKITMPLAB\VDK-11-5 (extract.me)\Bai5_TRAFFIC_UART\main.c
                  __pa_21   0x0015f0    program     static C:\Users\anhni\Downloads\PICKITMPLAB\VDK-11-5 (extract.me)\Bai5_TRAFFIC_UART\lcd\lcd.c
                  __pa_21   0x0023b0    program     static C:\Users\anhni\Downloads\PICKITMPLAB\VDK-11-5 (extract.me)\Bai5_TRAFFIC_UART\simulate_machine\simulate_machine.c
                  __pa_22   0x000d1e    program     static C:\Users\anhni\Downloads\PICKITMPLAB\VDK-11-5 (extract.me)\Bai5_TRAFFIC_UART\main.c
                  __pa_22   0x0015f8    program     static C:\Users\anhni\Downloads\PICKITMPLAB\VDK-11-5 (extract.me)\Bai5_TRAFFIC_UART\lcd\lcd.c
                  __pa_22   0x0023c8    program     static C:\Users\anhni\Downloads\PICKITMPLAB\VDK-11-5 (extract.me)\Bai5_TRAFFIC_UART\simulate_machine\simulate_machine.c
                  __pa_23   0x001606    program     static C:\Users\anhni\Downloads\PICKITMPLAB\VDK-11-5 (extract.me)\Bai5_TRAFFIC_UART\lcd\lcd.c
                  __pa_23   0x000d24    program     static C:\Users\anhni\Downloads\PICKITMPLAB\VDK-11-5 (extract.me)\Bai5_TRAFFIC_UART\main.c
                  __pa_23   0x0023d2    program     static C:\Users\anhni\Downloads\PICKITMPLAB\VDK-11-5 (extract.me)\Bai5_TRAFFIC_UART\simulate_machine\simulate_machine.c
                  __pa_24   0x001614    program     static C:\Users\anhni\Downloads\PICKITMPLAB\VDK-11-5 (extract.me)\Bai5_TRAFFIC_UART\lcd\lcd.c
                  __pa_24   0x000d34    program     static C:\Users\anhni\Downloads\PICKITMPLAB\VDK-11-5 (extract.me)\Bai5_TRAFFIC_UART\main.c
                  __pa_24   0x0023da    program     static C:\Users\anhni\Downloads\PICKITMPLAB\VDK-11-5 (extract.me)\Bai5_TRAFFIC_UART\simulate_machine\simulate_machine.c
                  __pa_25   0x0023e2    program     static C:\Users\anhni\Downloads\PICKITMPLAB\VDK-11-5 (extract.me)\Bai5_TRAFFIC_UART\simulate_machine\simulate_machine.c
                  __pa_25   0x001622    program     static C:\Users\anhni\Downloads\PICKITMPLAB\VDK-11-5 (extract.me)\Bai5_TRAFFIC_UART\lcd\lcd.c
                  __pa_25   0x000d42    program     static C:\Users\anhni\Downloads\PICKITMPLAB\VDK-11-5 (extract.me)\Bai5_TRAFFIC_UART\main.c
                  __pa_26   0x0023ec    program     static C:\Users\anhni\Downloads\PICKITMPLAB\VDK-11-5 (extract.me)\Bai5_TRAFFIC_UART\simulate_machine\simulate_machine.c
                  __pa_26   0x00162c    program     static C:\Users\anhni\Downloads\PICKITMPLAB\VDK-11-5 (extract.me)\Bai5_TRAFFIC_UART\lcd\lcd.c
                  __pa_26   0x000d4e    program     static C:\Users\anhni\Downloads\PICKITMPLAB\VDK-11-5 (extract.me)\Bai5_TRAFFIC_UART\main.c
                  __pa_27   0x0023f2    program     static C:\Users\anhni\Downloads\PICKITMPLAB\VDK-11-5 (extract.me)\Bai5_TRAFFIC_UART\simulate_machine\simulate_machine.c
                  __pa_27   0x00163e    program     static C:\Users\anhni\Downloads\PICKITMPLAB\VDK-11-5 (extract.me)\Bai5_TRAFFIC_UART\lcd\lcd.c
                  __pa_27   0x000d5a    program     static C:\Users\anhni\Downloads\PICKITMPLAB\VDK-11-5 (extract.me)\Bai5_TRAFFIC_UART\main.c
                  __pa_28   0x0023fe    program     static C:\Users\anhni\Downloads\PICKITMPLAB\VDK-11-5 (extract.me)\Bai5_TRAFFIC_UART\simulate_machine\simulate_machine.c
                  __pa_28   0x00164a    program     static C:\Users\anhni\Downloads\PICKITMPLAB\VDK-11-5 (extract.me)\Bai5_TRAFFIC_UART\lcd\lcd.c
                  __pa_28   0x000d68    program     static C:\Users\anhni\Downloads\PICKITMPLAB\VDK-11-5 (extract.me)\Bai5_TRAFFIC_UART\main.c
                  __pa_29   0x001656    program     static C:\Users\anhni\Downloads\PICKITMPLAB\VDK-11-5 (extract.me)\Bai5_TRAFFIC_UART\lcd\lcd.c
                  __pa_29   0x002408    program     static C:\Users\anhni\Downloads\PICKITMPLAB\VDK-11-5 (extract.me)\Bai5_TRAFFIC_UART\simulate_machine\simulate_machine.c
                  __pa_29   0x000d76    program     static C:\Users\anhni\Downloads\PICKITMPLAB\VDK-11-5 (extract.me)\Bai5_TRAFFIC_UART\main.c
                   __pa_3   0x002a48    program     static C:\Users\anhni\Downloads\PICKITMPLAB\VDK-11-5 (extract.me)\Bai5_TRAFFIC_UART\button_matrix\button.c
                   __pa_3   0x0014ae    program     static C:\Users\anhni\Downloads\PICKITMPLAB\VDK-11-5 (extract.me)\Bai5_TRAFFIC_UART\lcd\lcd.c
                   __pa_3   0x002d36    program     static C:\Users\anhni\Downloads\PICKITMPLAB\VDK-11-5 (extract.me)\Bai5_TRAFFIC_UART\i2c\i2c.c
                   __pa_3   0x003150    program     static C:\Users\anhni\Downloads\PICKITMPLAB\VDK-11-5 (extract.me)\Bai5_TRAFFIC_UART\interrupt\interrupt.c
                   __pa_3   0x000c48    program     static C:\Users\anhni\Downloads\PICKITMPLAB\VDK-11-5 (extract.me)\Bai5_TRAFFIC_UART\main.c
                   __pa_3   0x002f90    program     static C:\Users\anhni\Downloads\PICKITMPLAB\VDK-11-5 (extract.me)\Bai5_TRAFFIC_UART\timer\timer.c
                   __pa_3   0x0026f8    program     static C:\Users\anhni\Downloads\PICKITMPLAB\VDK-11-5 (extract.me)\Bai5_TRAFFIC_UART\uart\uart.c
                   __pa_3   0x0022ea    program     static C:\Users\anhni\Downloads\PICKITMPLAB\VDK-11-5 (extract.me)\Bai5_TRAFFIC_UART\simulate_machine\simulate_machine.c
                  __pa_30   0x002414    program     static C:\Users\anhni\Downloads\PICKITMPLAB\VDK-11-5 (extract.me)\Bai5_TRAFFIC_UART\simulate_machine\simulate_machine.c
                  __pa_30   0x001662    program     static C:\Users\anhni\Downloads\PICKITMPLAB\VDK-11-5 (extract.me)\Bai5_TRAFFIC_UART\lcd\lcd.c
                  __pa_30   0x000dec    program     static C:\Users\anhni\Downloads\PICKITMPLAB\VDK-11-5 (extract.me)\Bai5_TRAFFIC_UART\main.c
                  __pa_31   0x000e02    program     static C:\Users\anhni\Downloads\PICKITMPLAB\VDK-11-5 (extract.me)\Bai5_TRAFFIC_UART\main.c
                  __pa_31   0x00166c    program     static C:\Users\anhni\Downloads\PICKITMPLAB\VDK-11-5 (extract.me)\Bai5_TRAFFIC_UART\lcd\lcd.c
                  __pa_32   0x000e36    program     static C:\Users\anhni\Downloads\PICKITMPLAB\VDK-11-5 (extract.me)\Bai5_TRAFFIC_UART\main.c
                  __pa_32   0x00167e    program     static C:\Users\anhni\Downloads\PICKITMPLAB\VDK-11-5 (extract.me)\Bai5_TRAFFIC_UART\lcd\lcd.c
                  __pa_33   0x000e4e    program     static C:\Users\anhni\Downloads\PICKITMPLAB\VDK-11-5 (extract.me)\Bai5_TRAFFIC_UART\main.c
                  __pa_33   0x001694    program     static C:\Users\anhni\Downloads\PICKITMPLAB\VDK-11-5 (extract.me)\Bai5_TRAFFIC_UART\lcd\lcd.c
                  __pa_34   0x000e60    program     static C:\Users\anhni\Downloads\PICKITMPLAB\VDK-11-5 (extract.me)\Bai5_TRAFFIC_UART\main.c
                  __pa_34   0x0016aa    program     static C:\Users\anhni\Downloads\PICKITMPLAB\VDK-11-5 (extract.me)\Bai5_TRAFFIC_UART\lcd\lcd.c
                  __pa_35   0x000e68    program     static C:\Users\anhni\Downloads\PICKITMPLAB\VDK-11-5 (extract.me)\Bai5_TRAFFIC_UART\main.c
                  __pa_35   0x0016b2    program     static C:\Users\anhni\Downloads\PICKITMPLAB\VDK-11-5 (extract.me)\Bai5_TRAFFIC_UART\lcd\lcd.c
                  __pa_36   0x000e6e    program     static C:\Users\anhni\Downloads\PICKITMPLAB\VDK-11-5 (extract.me)\Bai5_TRAFFIC_UART\main.c
                  __pa_36   0x0016bc    program     static C:\Users\anhni\Downloads\PICKITMPLAB\VDK-11-5 (extract.me)\Bai5_TRAFFIC_UART\lcd\lcd.c
                  __pa_37   0x0016ca    program     static C:\Users\anhni\Downloads\PICKITMPLAB\VDK-11-5 (extract.me)\Bai5_TRAFFIC_UART\lcd\lcd.c
                  __pa_37   0x000e7c    program     static C:\Users\anhni\Downloads\PICKITMPLAB\VDK-11-5 (extract.me)\Bai5_TRAFFIC_UART\main.c
                  __pa_38   0x0016d4    program     static C:\Users\anhni\Downloads\PICKITMPLAB\VDK-11-5 (extract.me)\Bai5_TRAFFIC_UART\lcd\lcd.c
                  __pa_38   0x000e88    program     static C:\Users\anhni\Downloads\PICKITMPLAB\VDK-11-5 (extract.me)\Bai5_TRAFFIC_UART\main.c
                  __pa_39   0x0016e6    program     static C:\Users\anhni\Downloads\PICKITMPLAB\VDK-11-5 (extract.me)\Bai5_TRAFFIC_UART\lcd\lcd.c
                  __pa_39   0x000e94    program     static C:\Users\anhni\Downloads\PICKITMPLAB\VDK-11-5 (extract.me)\Bai5_TRAFFIC_UART\main.c
                   __pa_4   0x002f98    program     static C:\Users\anhni\Downloads\PICKITMPLAB\VDK-11-5 (extract.me)\Bai5_TRAFFIC_UART\timer\timer.c
                   __pa_4   0x0022f6    program     static C:\Users\anhni\Downloads\PICKITMPLAB\VDK-11-5 (extract.me)\Bai5_TRAFFIC_UART\simulate_machine\simulate_machine.c
                   __pa_4   0x000c50    program     static C:\Users\anhni\Downloads\PICKITMPLAB\VDK-11-5 (extract.me)\Bai5_TRAFFIC_UART\main.c
                   __pa_4   0x00315e    program     static C:\Users\anhni\Downloads\PICKITMPLAB\VDK-11-5 (extract.me)\Bai5_TRAFFIC_UART\interrupt\interrupt.c
                   __pa_4   0x0014b8    program     static C:\Users\anhni\Downloads\PICKITMPLAB\VDK-11-5 (extract.me)\Bai5_TRAFFIC_UART\lcd\lcd.c
                   __pa_4   0x002d4e    program     static C:\Users\anhni\Downloads\PICKITMPLAB\VDK-11-5 (extract.me)\Bai5_TRAFFIC_UART\i2c\i2c.c
                   __pa_4   0x002700    program     static C:\Users\anhni\Downloads\PICKITMPLAB\VDK-11-5 (extract.me)\Bai5_TRAFFIC_UART\uart\uart.c
                   __pa_4   0x002a5a    program     static C:\Users\anhni\Downloads\PICKITMPLAB\VDK-11-5 (extract.me)\Bai5_TRAFFIC_UART\button_matrix\button.c
                  __pa_40   0x000ea2    program     static C:\Users\anhni\Downloads\PICKITMPLAB\VDK-11-5 (extract.me)\Bai5_TRAFFIC_UART\main.c
                  __pa_40   0x0016f8    program     static C:\Users\anhni\Downloads\PICKITMPLAB\VDK-11-5 (extract.me)\Bai5_TRAFFIC_UART\lcd\lcd.c
                  __pa_41   0x000eac    program     static C:\Users\anhni\Downloads\PICKITMPLAB\VDK-11-5 (extract.me)\Bai5_TRAFFIC_UART\main.c
                  __pa_41   0x00170a    program     static C:\Users\anhni\Downloads\PICKITMPLAB\VDK-11-5 (extract.me)\Bai5_TRAFFIC_UART\lcd\lcd.c
                  __pa_42   0x001714    program     static C:\Users\anhni\Downloads\PICKITMPLAB\VDK-11-5 (extract.me)\Bai5_TRAFFIC_UART\lcd\lcd.c
                  __pa_42   0x000eb6    program     static C:\Users\anhni\Downloads\PICKITMPLAB\VDK-11-5 (extract.me)\Bai5_TRAFFIC_UART\main.c
                  __pa_43   0x000ec0    program     static C:\Users\anhni\Downloads\PICKITMPLAB\VDK-11-5 (extract.me)\Bai5_TRAFFIC_UART\main.c
                  __pa_43   0x00171e    program     static C:\Users\anhni\Downloads\PICKITMPLAB\VDK-11-5 (extract.me)\Bai5_TRAFFIC_UART\lcd\lcd.c
                  __pa_44   0x000ecc    program     static C:\Users\anhni\Downloads\PICKITMPLAB\VDK-11-5 (extract.me)\Bai5_TRAFFIC_UART\main.c
                  __pa_44   0x001724    program     static C:\Users\anhni\Downloads\PICKITMPLAB\VDK-11-5 (extract.me)\Bai5_TRAFFIC_UART\lcd\lcd.c
                  __pa_45   0x000ed2    program     static C:\Users\anhni\Downloads\PICKITMPLAB\VDK-11-5 (extract.me)\Bai5_TRAFFIC_UART\main.c
                  __pa_45   0x001730    program     static C:\Users\anhni\Downloads\PICKITMPLAB\VDK-11-5 (extract.me)\Bai5_TRAFFIC_UART\lcd\lcd.c
                  __pa_46   0x00173c    program     static C:\Users\anhni\Downloads\PICKITMPLAB\VDK-11-5 (extract.me)\Bai5_TRAFFIC_UART\lcd\lcd.c
                  __pa_47   0x001744    program     static C:\Users\anhni\Downloads\PICKITMPLAB\VDK-11-5 (extract.me)\Bai5_TRAFFIC_UART\lcd\lcd.c
                  __pa_48   0x00174c    program     static C:\Users\anhni\Downloads\PICKITMPLAB\VDK-11-5 (extract.me)\Bai5_TRAFFIC_UART\lcd\lcd.c
                   __pa_5   0x002d60    program     static C:\Users\anhni\Downloads\PICKITMPLAB\VDK-11-5 (extract.me)\Bai5_TRAFFIC_UART\i2c\i2c.c
                   __pa_5   0x002304    program     static C:\Users\anhni\Downloads\PICKITMPLAB\VDK-11-5 (extract.me)\Bai5_TRAFFIC_UART\simulate_machine\simulate_machine.c
                   __pa_5   0x00270e    program     static C:\Users\anhni\Downloads\PICKITMPLAB\VDK-11-5 (extract.me)\Bai5_TRAFFIC_UART\uart\uart.c
                   __pa_5   0x0014c0    program     static C:\Users\anhni\Downloads\PICKITMPLAB\VDK-11-5 (extract.me)\Bai5_TRAFFIC_UART\lcd\lcd.c
                   __pa_5   0x002fa8    program     static C:\Users\anhni\Downloads\PICKITMPLAB\VDK-11-5 (extract.me)\Bai5_TRAFFIC_UART\timer\timer.c
                   __pa_5   0x002a6e    program     static C:\Users\anhni\Downloads\PICKITMPLAB\VDK-11-5 (extract.me)\Bai5_TRAFFIC_UART\button_matrix\button.c
                   __pa_5   0x000c58    program     static C:\Users\anhni\Downloads\PICKITMPLAB\VDK-11-5 (extract.me)\Bai5_TRAFFIC_UART\main.c
                   __pa_5   0x00316c    program     static C:\Users\anhni\Downloads\PICKITMPLAB\VDK-11-5 (extract.me)\Bai5_TRAFFIC_UART\interrupt\interrupt.c
                   __pa_6   0x0014ca    program     static C:\Users\anhni\Downloads\PICKITMPLAB\VDK-11-5 (extract.me)\Bai5_TRAFFIC_UART\lcd\lcd.c
                   __pa_6   0x002fb8    program     static C:\Users\anhni\Downloads\PICKITMPLAB\VDK-11-5 (extract.me)\Bai5_TRAFFIC_UART\timer\timer.c
                   __pa_6   0x000c60    program     static C:\Users\anhni\Downloads\PICKITMPLAB\VDK-11-5 (extract.me)\Bai5_TRAFFIC_UART\main.c
                   __pa_6   0x00230e    program     static C:\Users\anhni\Downloads\PICKITMPLAB\VDK-11-5 (extract.me)\Bai5_TRAFFIC_UART\simulate_machine\simulate_machine.c
                   __pa_6   0x002a78    program     static C:\Users\anhni\Downloads\PICKITMPLAB\VDK-11-5 (extract.me)\Bai5_TRAFFIC_UART\button_matrix\button.c
                   __pa_6   0x002d70    program     static C:\Users\anhni\Downloads\PICKITMPLAB\VDK-11-5 (extract.me)\Bai5_TRAFFIC_UART\i2c\i2c.c
                   __pa_6   0x002716    program     static C:\Users\anhni\Downloads\PICKITMPLAB\VDK-11-5 (extract.me)\Bai5_TRAFFIC_UART\uart\uart.c
                   __pa_7   0x002728    program     static C:\Users\anhni\Downloads\PICKITMPLAB\VDK-11-5 (extract.me)\Bai5_TRAFFIC_UART\uart\uart.c
                   __pa_7   0x002d7c    program     static C:\Users\anhni\Downloads\PICKITMPLAB\VDK-11-5 (extract.me)\Bai5_TRAFFIC_UART\i2c\i2c.c
                   __pa_7   0x002316    program     static C:\Users\anhni\Downloads\PICKITMPLAB\VDK-11-5 (extract.me)\Bai5_TRAFFIC_UART\simulate_machine\simulate_machine.c
                   __pa_7   0x002fc6    program     static C:\Users\anhni\Downloads\PICKITMPLAB\VDK-11-5 (extract.me)\Bai5_TRAFFIC_UART\timer\timer.c
                   __pa_7   0x002a82    program     static C:\Users\anhni\Downloads\PICKITMPLAB\VDK-11-5 (extract.me)\Bai5_TRAFFIC_UART\button_matrix\button.c
                   __pa_7   0x0014dc    program     static C:\Users\anhni\Downloads\PICKITMPLAB\VDK-11-5 (extract.me)\Bai5_TRAFFIC_UART\lcd\lcd.c
                   __pa_7   0x000c68    program     static C:\Users\anhni\Downloads\PICKITMPLAB\VDK-11-5 (extract.me)\Bai5_TRAFFIC_UART\main.c
                   __pa_8   0x002fd4    program     static C:\Users\anhni\Downloads\PICKITMPLAB\VDK-11-5 (extract.me)\Bai5_TRAFFIC_UART\timer\timer.c
                   __pa_8   0x00273a    program     static C:\Users\anhni\Downloads\PICKITMPLAB\VDK-11-5 (extract.me)\Bai5_TRAFFIC_UART\uart\uart.c
                   __pa_8   0x0014fa    program     static C:\Users\anhni\Downloads\PICKITMPLAB\VDK-11-5 (extract.me)\Bai5_TRAFFIC_UART\lcd\lcd.c
                   __pa_8   0x002320    program     static C:\Users\anhni\Downloads\PICKITMPLAB\VDK-11-5 (extract.me)\Bai5_TRAFFIC_UART\simulate_machine\simulate_machine.c
                   __pa_8   0x002d88    program     static C:\Users\anhni\Downloads\PICKITMPLAB\VDK-11-5 (extract.me)\Bai5_TRAFFIC_UART\i2c\i2c.c
                   __pa_8   0x002a8c    program     static C:\Users\anhni\Downloads\PICKITMPLAB\VDK-11-5 (extract.me)\Bai5_TRAFFIC_UART\button_matrix\button.c
                   __pa_8   0x000c74    program     static C:\Users\anhni\Downloads\PICKITMPLAB\VDK-11-5 (extract.me)\Bai5_TRAFFIC_UART\main.c
                   __pa_9   0x001500    program     static C:\Users\anhni\Downloads\PICKITMPLAB\VDK-11-5 (extract.me)\Bai5_TRAFFIC_UART\lcd\lcd.c
                   __pa_9   0x002d92    program     static C:\Users\anhni\Downloads\PICKITMPLAB\VDK-11-5 (extract.me)\Bai5_TRAFFIC_UART\i2c\i2c.c
                   __pa_9   0x00232c    program     static C:\Users\anhni\Downloads\PICKITMPLAB\VDK-11-5 (extract.me)\Bai5_TRAFFIC_UART\simulate_machine\simulate_machine.c
                   __pa_9   0x002fe2    program     static C:\Users\anhni\Downloads\PICKITMPLAB\VDK-11-5 (extract.me)\Bai5_TRAFFIC_UART\timer\timer.c
                   __pa_9   0x00274c    program     static C:\Users\anhni\Downloads\PICKITMPLAB\VDK-11-5 (extract.me)\Bai5_TRAFFIC_UART\uart\uart.c
                   __pa_9   0x002a94    program     static C:\Users\anhni\Downloads\PICKITMPLAB\VDK-11-5 (extract.me)\Bai5_TRAFFIC_UART\button_matrix\button.c
                   __pa_9   0x000c7e    program     static C:\Users\anhni\Downloads\PICKITMPLAB\VDK-11-5 (extract.me)\Bai5_TRAFFIC_UART\main.c
               __string_0   0x001967    program     static C:\Users\anhni\Downloads\PICKITMPLAB\VDK-11-5 (extract.me)\Bai5_TRAFFIC_UART\main.c
               __string_0   0x001e1a    program     static C:\Users\anhni\Downloads\PICKITMPLAB\VDK-11-5 (extract.me)\Bai5_TRAFFIC_UART\simulate_machine\simulate_machine.c
               __string_1   0x001e06    program     static C:\Users\anhni\Downloads\PICKITMPLAB\VDK-11-5 (extract.me)\Bai5_TRAFFIC_UART\simulate_machine\simulate_machine.c
               __string_1   0x001959    program     static C:\Users\anhni\Downloads\PICKITMPLAB\VDK-11-5 (extract.me)\Bai5_TRAFFIC_UART\main.c
              __string_10   0x0018d2    program     static C:\Users\anhni\Downloads\PICKITMPLAB\VDK-11-5 (extract.me)\Bai5_TRAFFIC_UART\main.c
              __string_10   0x001cec    program     static C:\Users\anhni\Downloads\PICKITMPLAB\VDK-11-5 (extract.me)\Bai5_TRAFFIC_UART\simulate_machine\simulate_machine.c
              __string_11   0x001cc4    program     static C:\Users\anhni\Downloads\PICKITMPLAB\VDK-11-5 (extract.me)\Bai5_TRAFFIC_UART\simulate_machine\simulate_machine.c
              __string_11   0x0018c1    program     static C:\Users\anhni\Downloads\PICKITMPLAB\VDK-11-5 (extract.me)\Bai5_TRAFFIC_UART\main.c
              __string_12   0x001cb2    program     static C:\Users\anhni\Downloads\PICKITMPLAB\VDK-11-5 (extract.me)\Bai5_TRAFFIC_UART\simulate_machine\simulate_machine.c
              __string_12   0x0018b0    program     static C:\Users\anhni\Downloads\PICKITMPLAB\VDK-11-5 (extract.me)\Bai5_TRAFFIC_UART\main.c
              __string_13   0x001cae    program     static C:\Users\anhni\Downloads\PICKITMPLAB\VDK-11-5 (extract.me)\Bai5_TRAFFIC_UART\simulate_machine\simulate_machine.c
              __string_13   0x0018ac    program     static C:\Users\anhni\Downloads\PICKITMPLAB\VDK-11-5 (extract.me)\Bai5_TRAFFIC_UART\main.c
              __string_14   0x001ca0    program     static C:\Users\anhni\Downloads\PICKITMPLAB\VDK-11-5 (extract.me)\Bai5_TRAFFIC_UART\simulate_machine\simulate_machine.c
              __string_14   0x0018a8    program     static C:\Users\anhni\Downloads\PICKITMPLAB\VDK-11-5 (extract.me)\Bai5_TRAFFIC_UART\main.c
              __string_15   0x001c7f    program     static C:\Users\anhni\Downloads\PICKITMPLAB\VDK-11-5 (extract.me)\Bai5_TRAFFIC_UART\simulate_machine\simulate_machine.c
              __string_15   0x0018a4    program     static C:\Users\anhni\Downloads\PICKITMPLAB\VDK-11-5 (extract.me)\Bai5_TRAFFIC_UART\main.c
              __string_16   0x0018a0    program     static C:\Users\anhni\Downloads\PICKITMPLAB\VDK-11-5 (extract.me)\Bai5_TRAFFIC_UART\main.c
              __string_16   0x001c59    program     static C:\Users\anhni\Downloads\PICKITMPLAB\VDK-11-5 (extract.me)\Bai5_TRAFFIC_UART\simulate_machine\simulate_machine.c
              __string_17   0x00189a    program     static C:\Users\anhni\Downloads\PICKITMPLAB\VDK-11-5 (extract.me)\Bai5_TRAFFIC_UART\main.c
              __string_17   0x001c46    program     static C:\Users\anhni\Downloads\PICKITMPLAB\VDK-11-5 (extract.me)\Bai5_TRAFFIC_UART\simulate_machine\simulate_machine.c
              __string_18   0x001897    program     static C:\Users\anhni\Downloads\PICKITMPLAB\VDK-11-5 (extract.me)\Bai5_TRAFFIC_UART\main.c
              __string_18   0x001c3b    program     static C:\Users\anhni\Downloads\PICKITMPLAB\VDK-11-5 (extract.me)\Bai5_TRAFFIC_UART\simulate_machine\simulate_machine.c
              __string_19   0x001c37    program     static C:\Users\anhni\Downloads\PICKITMPLAB\VDK-11-5 (extract.me)\Bai5_TRAFFIC_UART\simulate_machine\simulate_machine.c
              __string_19   0x001891    program     static C:\Users\anhni\Downloads\PICKITMPLAB\VDK-11-5 (extract.me)\Bai5_TRAFFIC_UART\main.c
               __string_2   0x001de0    program     static C:\Users\anhni\Downloads\PICKITMPLAB\VDK-11-5 (extract.me)\Bai5_TRAFFIC_UART\simulate_machine\simulate_machine.c
               __string_2   0x00194a    program     static C:\Users\anhni\Downloads\PICKITMPLAB\VDK-11-5 (extract.me)\Bai5_TRAFFIC_UART\main.c
              __string_20   0x001c1a    program     static C:\Users\anhni\Downloads\PICKITMPLAB\VDK-11-5 (extract.me)\Bai5_TRAFFIC_UART\simulate_machine\simulate_machine.c
              __string_20   0x00188f    program     static C:\Users\anhni\Downloads\PICKITMPLAB\VDK-11-5 (extract.me)\Bai5_TRAFFIC_UART\main.c
              __string_21   0x001881    program     static C:\Users\anhni\Downloads\PICKITMPLAB\VDK-11-5 (extract.me)\Bai5_TRAFFIC_UART\main.c
              __string_21   0x001bf4    program     static C:\Users\anhni\Downloads\PICKITMPLAB\VDK-11-5 (extract.me)\Bai5_TRAFFIC_UART\simulate_machine\simulate_machine.c
              __string_22   0x001872    program     static C:\Users\anhni\Downloads\PICKITMPLAB\VDK-11-5 (extract.me)\Bai5_TRAFFIC_UART\main.c
              __string_22   0x001be9    program     static C:\Users\anhni\Downloads\PICKITMPLAB\VDK-11-5 (extract.me)\Bai5_TRAFFIC_UART\simulate_machine\simulate_machine.c
              __string_23   0x001863    program     static C:\Users\anhni\Downloads\PICKITMPLAB\VDK-11-5 (extract.me)\Bai5_TRAFFIC_UART\main.c
              __string_23   0x001be5    program     static C:\Users\anhni\Downloads\PICKITMPLAB\VDK-11-5 (extract.me)\Bai5_TRAFFIC_UART\simulate_machine\simulate_machine.c
              __string_24   0x001854    program     static C:\Users\anhni\Downloads\PICKITMPLAB\VDK-11-5 (extract.me)\Bai5_TRAFFIC_UART\main.c
              __string_24   0x001bd3    program     static C:\Users\anhni\Downloads\PICKITMPLAB\VDK-11-5 (extract.me)\Bai5_TRAFFIC_UART\simulate_machine\simulate_machine.c
              __string_25   0x001bcb    program     static C:\Users\anhni\Downloads\PICKITMPLAB\VDK-11-5 (extract.me)\Bai5_TRAFFIC_UART\simulate_machine\simulate_machine.c
              __string_25   0x001844    program     static C:\Users\anhni\Downloads\PICKITMPLAB\VDK-11-5 (extract.me)\Bai5_TRAFFIC_UART\main.c
              __string_26   0x001ba5    program     static C:\Users\anhni\Downloads\PICKITMPLAB\VDK-11-5 (extract.me)\Bai5_TRAFFIC_UART\simulate_machine\simulate_machine.c
              __string_26   0x001833    program     static C:\Users\anhni\Downloads\PICKITMPLAB\VDK-11-5 (extract.me)\Bai5_TRAFFIC_UART\main.c
              __string_27   0x001b9a    program     static C:\Users\anhni\Downloads\PICKITMPLAB\VDK-11-5 (extract.me)\Bai5_TRAFFIC_UART\simulate_machine\simulate_machine.c
              __string_27   0x001829    program     static C:\Users\anhni\Downloads\PICKITMPLAB\VDK-11-5 (extract.me)\Bai5_TRAFFIC_UART\main.c
              __string_28   0x001818    program     static C:\Users\anhni\Downloads\PICKITMPLAB\VDK-11-5 (extract.me)\Bai5_TRAFFIC_UART\main.c
              __string_28   0x001b96    program     static C:\Users\anhni\Downloads\PICKITMPLAB\VDK-11-5 (extract.me)\Bai5_TRAFFIC_UART\simulate_machine\simulate_machine.c
              __string_29   0x00180a    program     static C:\Users\anhni\Downloads\PICKITMPLAB\VDK-11-5 (extract.me)\Bai5_TRAFFIC_UART\main.c
              __string_29   0x001b92    program     static C:\Users\anhni\Downloads\PICKITMPLAB\VDK-11-5 (extract.me)\Bai5_TRAFFIC_UART\simulate_machine\simulate_machine.c
               __string_3   0x001939    program     static C:\Users\anhni\Downloads\PICKITMPLAB\VDK-11-5 (extract.me)\Bai5_TRAFFIC_UART\main.c
               __string_3   0x001dc0    program     static C:\Users\anhni\Downloads\PICKITMPLAB\VDK-11-5 (extract.me)\Bai5_TRAFFIC_UART\simulate_machine\simulate_machine.c
              __string_30   0x001809    program     static C:\Users\anhni\Downloads\PICKITMPLAB\VDK-11-5 (extract.me)\Bai5_TRAFFIC_UART\main.c
              __string_30   0x001b62    program     static C:\Users\anhni\Downloads\PICKITMPLAB\VDK-11-5 (extract.me)\Bai5_TRAFFIC_UART\simulate_machine\simulate_machine.c
              __string_31   0x0017fa    program     static C:\Users\anhni\Downloads\PICKITMPLAB\VDK-11-5 (extract.me)\Bai5_TRAFFIC_UART\main.c
              __string_31   0x001b3c    program     static C:\Users\anhni\Downloads\PICKITMPLAB\VDK-11-5 (extract.me)\Bai5_TRAFFIC_UART\simulate_machine\simulate_machine.c
              __string_32   0x0017ea    program     static C:\Users\anhni\Downloads\PICKITMPLAB\VDK-11-5 (extract.me)\Bai5_TRAFFIC_UART\main.c
              __string_32   0x001b31    program     static C:\Users\anhni\Downloads\PICKITMPLAB\VDK-11-5 (extract.me)\Bai5_TRAFFIC_UART\simulate_machine\simulate_machine.c
              __string_33   0x0017db    program     static C:\Users\anhni\Downloads\PICKITMPLAB\VDK-11-5 (extract.me)\Bai5_TRAFFIC_UART\main.c
              __string_33   0x001b2d    program     static C:\Users\anhni\Downloads\PICKITMPLAB\VDK-11-5 (extract.me)\Bai5_TRAFFIC_UART\simulate_machine\simulate_machine.c
              __string_34   0x001b1f    program     static C:\Users\anhni\Downloads\PICKITMPLAB\VDK-11-5 (extract.me)\Bai5_TRAFFIC_UART\simulate_machine\simulate_machine.c
              __string_34   0x0017cc    program     static C:\Users\anhni\Downloads\PICKITMPLAB\VDK-11-5 (extract.me)\Bai5_TRAFFIC_UART\main.c
              __string_35   0x001afe    program     static C:\Users\anhni\Downloads\PICKITMPLAB\VDK-11-5 (extract.me)\Bai5_TRAFFIC_UART\simulate_machine\simulate_machine.c
              __string_35   0x0017be    program     static C:\Users\anhni\Downloads\PICKITMPLAB\VDK-11-5 (extract.me)\Bai5_TRAFFIC_UART\main.c
              __string_36   0x001ad8    program     static C:\Users\anhni\Downloads\PICKITMPLAB\VDK-11-5 (extract.me)\Bai5_TRAFFIC_UART\simulate_machine\simulate_machine.c
              __string_36   0x0017ad    program     static C:\Users\anhni\Downloads\PICKITMPLAB\VDK-11-5 (extract.me)\Bai5_TRAFFIC_UART\main.c
              __string_37   0x001acd    program     static C:\Users\anhni\Downloads\PICKITMPLAB\VDK-11-5 (extract.me)\Bai5_TRAFFIC_UART\simulate_machine\simulate_machine.c
              __string_37   0x00179c    program     static C:\Users\anhni\Downloads\PICKITMPLAB\VDK-11-5 (extract.me)\Bai5_TRAFFIC_UART\main.c
              __string_38   0x001ac9    program     static C:\Users\anhni\Downloads\PICKITMPLAB\VDK-11-5 (extract.me)\Bai5_TRAFFIC_UART\simulate_machine\simulate_machine.c
              __string_38   0x00178b    program     static C:\Users\anhni\Downloads\PICKITMPLAB\VDK-11-5 (extract.me)\Bai5_TRAFFIC_UART\main.c
              __string_39   0x001aac    program     static C:\Users\anhni\Downloads\PICKITMPLAB\VDK-11-5 (extract.me)\Bai5_TRAFFIC_UART\simulate_machine\simulate_machine.c
              __string_39   0x001789    program     static C:\Users\anhni\Downloads\PICKITMPLAB\VDK-11-5 (extract.me)\Bai5_TRAFFIC_UART\main.c
               __string_4   0x001d9d    program     static C:\Users\anhni\Downloads\PICKITMPLAB\VDK-11-5 (extract.me)\Bai5_TRAFFIC_UART\simulate_machine\simulate_machine.c
               __string_4   0x00192b    program     static C:\Users\anhni\Downloads\PICKITMPLAB\VDK-11-5 (extract.me)\Bai5_TRAFFIC_UART\main.c
              __string_40   0x001778    program     static C:\Users\anhni\Downloads\PICKITMPLAB\VDK-11-5 (extract.me)\Bai5_TRAFFIC_UART\main.c
              __string_40   0x001aa1    program     static C:\Users\anhni\Downloads\PICKITMPLAB\VDK-11-5 (extract.me)\Bai5_TRAFFIC_UART\simulate_machine\simulate_machine.c
              __string_41   0x001767    program     static C:\Users\anhni\Downloads\PICKITMPLAB\VDK-11-5 (extract.me)\Bai5_TRAFFIC_UART\main.c
              __string_41   0x001a9d    program     static C:\Users\anhni\Downloads\PICKITMPLAB\VDK-11-5 (extract.me)\Bai5_TRAFFIC_UART\simulate_machine\simulate_machine.c
              __string_42   0x001a8b    program     static C:\Users\anhni\Downloads\PICKITMPLAB\VDK-11-5 (extract.me)\Bai5_TRAFFIC_UART\simulate_machine\simulate_machine.c
              __string_42   0x001756    program     static C:\Users\anhni\Downloads\PICKITMPLAB\VDK-11-5 (extract.me)\Bai5_TRAFFIC_UART\main.c
              __string_43   0x001a83    program     static C:\Users\anhni\Downloads\PICKITMPLAB\VDK-11-5 (extract.me)\Bai5_TRAFFIC_UART\simulate_machine\simulate_machine.c
              __string_44   0x001a5d    program     static C:\Users\anhni\Downloads\PICKITMPLAB\VDK-11-5 (extract.me)\Bai5_TRAFFIC_UART\simulate_machine\simulate_machine.c
              __string_45   0x001a52    program     static C:\Users\anhni\Downloads\PICKITMPLAB\VDK-11-5 (extract.me)\Bai5_TRAFFIC_UART\simulate_machine\simulate_machine.c
              __string_46   0x001a4e    program     static C:\Users\anhni\Downloads\PICKITMPLAB\VDK-11-5 (extract.me)\Bai5_TRAFFIC_UART\simulate_machine\simulate_machine.c
              __string_47   0x001a38    program     static C:\Users\anhni\Downloads\PICKITMPLAB\VDK-11-5 (extract.me)\Bai5_TRAFFIC_UART\simulate_machine\simulate_machine.c
              __string_48   0x001a27    program     static C:\Users\anhni\Downloads\PICKITMPLAB\VDK-11-5 (extract.me)\Bai5_TRAFFIC_UART\simulate_machine\simulate_machine.c
              __string_49   0x001a17    program     static C:\Users\anhni\Downloads\PICKITMPLAB\VDK-11-5 (extract.me)\Bai5_TRAFFIC_UART\simulate_machine\simulate_machine.c
               __string_5   0x00191f    program     static C:\Users\anhni\Downloads\PICKITMPLAB\VDK-11-5 (extract.me)\Bai5_TRAFFIC_UART\main.c
               __string_5   0x001d88    program     static C:\Users\anhni\Downloads\PICKITMPLAB\VDK-11-5 (extract.me)\Bai5_TRAFFIC_UART\simulate_machine\simulate_machine.c
              __string_50   0x001a05    program     static C:\Users\anhni\Downloads\PICKITMPLAB\VDK-11-5 (extract.me)\Bai5_TRAFFIC_UART\simulate_machine\simulate_machine.c
              __string_51   0x0019f5    program     static C:\Users\anhni\Downloads\PICKITMPLAB\VDK-11-5 (extract.me)\Bai5_TRAFFIC_UART\simulate_machine\simulate_machine.c
              __string_52   0x0019de    program     static C:\Users\anhni\Downloads\PICKITMPLAB\VDK-11-5 (extract.me)\Bai5_TRAFFIC_UART\simulate_machine\simulate_machine.c
              __string_53   0x0019c1    program     static C:\Users\anhni\Downloads\PICKITMPLAB\VDK-11-5 (extract.me)\Bai5_TRAFFIC_UART\simulate_machine\simulate_machine.c
              __string_54   0x0019a4    program     static C:\Users\anhni\Downloads\PICKITMPLAB\VDK-11-5 (extract.me)\Bai5_TRAFFIC_UART\simulate_machine\simulate_machine.c
              __string_55   0x001989    program     static C:\Users\anhni\Downloads\PICKITMPLAB\VDK-11-5 (extract.me)\Bai5_TRAFFIC_UART\simulate_machine\simulate_machine.c
              __string_56   0x001978    program     static C:\Users\anhni\Downloads\PICKITMPLAB\VDK-11-5 (extract.me)\Bai5_TRAFFIC_UART\simulate_machine\simulate_machine.c
               __string_6   0x001913    program     static C:\Users\anhni\Downloads\PICKITMPLAB\VDK-11-5 (extract.me)\Bai5_TRAFFIC_UART\main.c
               __string_6   0x001d56    program     static C:\Users\anhni\Downloads\PICKITMPLAB\VDK-11-5 (extract.me)\Bai5_TRAFFIC_UART\simulate_machine\simulate_machine.c
               __string_7   0x001905    program     static C:\Users\anhni\Downloads\PICKITMPLAB\VDK-11-5 (extract.me)\Bai5_TRAFFIC_UART\main.c
               __string_7   0x001d24    program     static C:\Users\anhni\Downloads\PICKITMPLAB\VDK-11-5 (extract.me)\Bai5_TRAFFIC_UART\simulate_machine\simulate_machine.c
               __string_8   0x001d19    program     static C:\Users\anhni\Downloads\PICKITMPLAB\VDK-11-5 (extract.me)\Bai5_TRAFFIC_UART\simulate_machine\simulate_machine.c
               __string_8   0x0018f4    program     static C:\Users\anhni\Downloads\PICKITMPLAB\VDK-11-5 (extract.me)\Bai5_TRAFFIC_UART\main.c
               __string_9   0x001d05    program     static C:\Users\anhni\Downloads\PICKITMPLAB\VDK-11-5 (extract.me)\Bai5_TRAFFIC_UART\simulate_machine\simulate_machine.c
               __string_9   0x0018e3    program     static C:\Users\anhni\Downloads\PICKITMPLAB\VDK-11-5 (extract.me)\Bai5_TRAFFIC_UART\main.c
              __tmplbl_24   0x000c7e    program     static                          
              __tmplbl_25   0x000c7e    program     static                          
              __tmplbl_26   0x000c7e    program     static                          
              __tmplbl_27   0x000c7e    program     static                          
              __tmplbl_28   0x000c7e    program     static                          
              __tmplbl_29   0x000c48    program     static                          
              __tmplbl_30   0x000c50    program     static                          
              __tmplbl_31   0x000c48    program     static                          
              __tmplbl_32   0x000c50    program     static                          
              __tmplbl_33   0x000c48    program     static                          
              __tmplbl_34   0x000c50    program     static                          
              __tmplbl_35   0x000c48    program     static                          
              __tmplbl_36   0x000c50    program     static                          
              __tmplbl_37   0x000c48    program     static                          
              __tmplbl_38   0x000c50    program     static                          
              __tmplbl_39   0x000c48    program     static                          
              __tmplbl_40   0x000c50    program     static                          
              __tmplbl_41   0x000c48    program     static                          
              __tmplbl_42   0x000c50    program     static                          
              __tmplbl_43   0x000c48    program     static                          
              __tmplbl_44   0x000c50    program     static                          
              __tmplbl_45   0x000c7e    program     static                          
            __zero_memory   0x0034a4    program     extern E:\3.46\pic18-lt\cxx-framework\src\traditional\proc\p18f4620.asm
                _do_cinit   0x003220    program     extern E:\3.46\pic18-lt\cxx-framework\src\traditional\startup\c018i.c
                   _entry   0x000000    program     extern E:\3.46\pic18-lt\cxx-framework\src\traditional\startup\c018i.c
                   _false   0x003400    program     static                          
                   _false   0x00343a    program     static                          
                 _startup   0x0034c4    program     extern E:\3.46\pic18-lt\cxx-framework\src\traditional\startup\c018i.c
          button_delay_ms   0x0028a6    program     extern C:\Users\anhni\Downloads\PICKITMPLAB\VDK-11-5 (extract.me)\Bai5_TRAFFIC_UART\button_matrix\button.c
                compare_l   0x0034ba    program     static E:\3.46\pic18-lt\cxx-framework\src\traditional\proc\p18f4620.asm
                copy_loop   0x003292    program     static                          
            copy_one_byte   0x003298    program     static                          
                 delay_ms   0x0000ae    program     extern C:\Users\anhni\Downloads\PICKITMPLAB\VDK-11-5 (extract.me)\Bai5_TRAFFIC_UART\main.c
                     done   0x0032bc    program     static                          
             done_copying   0x0032a6    program     static                          
           ds1307_control   0x002b6a    program     extern C:\Users\anhni\Downloads\PICKITMPLAB\VDK-11-5 (extract.me)\Bai5_TRAFFIC_UART\i2c\i2c.c
           eeprom_control   0x002b76    program     extern C:\Users\anhni\Downloads\PICKITMPLAB\VDK-11-5 (extract.me)\Bai5_TRAFFIC_UART\i2c\i2c.c
                  endloop   0x00349e    program     static                          
                  endloop   0x0034f6    program     static                          
            get_adc_value   0x0032d0    program     extern C:\Users\anhni\Downloads\PICKITMPLAB\VDK-11-5 (extract.me)\Bai5_TRAFFIC_UART\adc\adc.c
                 high_isr   0x00308a    program     extern C:\Users\anhni\Downloads\PICKITMPLAB\VDK-11-5 (extract.me)\Bai5_TRAFFIC_UART\interrupt\interrupt.c
                  i2c_ack   0x002bac    program     extern C:\Users\anhni\Downloads\PICKITMPLAB\VDK-11-5 (extract.me)\Bai5_TRAFFIC_UART\i2c\i2c.c
                  i2c_nak   0x002bb8    program     extern C:\Users\anhni\Downloads\PICKITMPLAB\VDK-11-5 (extract.me)\Bai5_TRAFFIC_UART\i2c\i2c.c
                 i2c_read   0x002ba0    program     extern C:\Users\anhni\Downloads\PICKITMPLAB\VDK-11-5 (extract.me)\Bai5_TRAFFIC_UART\i2c\i2c.c
                i2c_start   0x002b82    program     extern C:\Users\anhni\Downloads\PICKITMPLAB\VDK-11-5 (extract.me)\Bai5_TRAFFIC_UART\i2c\i2c.c
                 i2c_stop   0x002b8c    program     extern C:\Users\anhni\Downloads\PICKITMPLAB\VDK-11-5 (extract.me)\Bai5_TRAFFIC_UART\i2c\i2c.c
                i2c_write   0x002b96    program     extern C:\Users\anhni\Downloads\PICKITMPLAB\VDK-11-5 (extract.me)\Bai5_TRAFFIC_UART\i2c\i2c.c
                 init_adc   0x0032be    program     extern C:\Users\anhni\Downloads\PICKITMPLAB\VDK-11-5 (extract.me)\Bai5_TRAFFIC_UART\adc\adc.c
            init_ext_int0   0x003006    program     extern C:\Users\anhni\Downloads\PICKITMPLAB\VDK-11-5 (extract.me)\Bai5_TRAFFIC_UART\interrupt\interrupt.c
                 init_i2c   0x002b52    program     extern C:\Users\anhni\Downloads\PICKITMPLAB\VDK-11-5 (extract.me)\Bai5_TRAFFIC_UART\i2c\i2c.c
           init_interrupt   0x002ffe    program     extern C:\Users\anhni\Downloads\PICKITMPLAB\VDK-11-5 (extract.me)\Bai5_TRAFFIC_UART\interrupt\interrupt.c
          init_key_matrix   0x0027a0    program     extern C:\Users\anhni\Downloads\PICKITMPLAB\VDK-11-5 (extract.me)\Bai5_TRAFFIC_UART\button_matrix\button.c
init_key_matrix_new_board   0x0029e8    program     extern C:\Users\anhni\Downloads\PICKITMPLAB\VDK-11-5 (extract.me)\Bai5_TRAFFIC_UART\button_matrix\button.c
init_key_matrix_with_uart_i2c   0x0027a8    program     extern C:\Users\anhni\Downloads\PICKITMPLAB\VDK-11-5 (extract.me)\Bai5_TRAFFIC_UART\button_matrix\button.c
              init_output   0x000126    program     extern C:\Users\anhni\Downloads\PICKITMPLAB\VDK-11-5 (extract.me)\Bai5_TRAFFIC_UART\main.c
                 init_pwm   0x003440    program     extern C:\Users\anhni\Downloads\PICKITMPLAB\VDK-11-5 (extract.me)\Bai5_TRAFFIC_UART\pwm\pwm.c
              init_system   0x00012c    program     extern C:\Users\anhni\Downloads\PICKITMPLAB\VDK-11-5 (extract.me)\Bai5_TRAFFIC_UART\main.c
              init_timer0   0x002d9a    program     extern C:\Users\anhni\Downloads\PICKITMPLAB\VDK-11-5 (extract.me)\Bai5_TRAFFIC_UART\timer\timer.c
              init_timer1   0x002dc6    program     extern C:\Users\anhni\Downloads\PICKITMPLAB\VDK-11-5 (extract.me)\Bai5_TRAFFIC_UART\timer\timer.c
              init_timer2   0x002df8    program     extern C:\Users\anhni\Downloads\PICKITMPLAB\VDK-11-5 (extract.me)\Bai5_TRAFFIC_UART\timer\timer.c
              init_timer3   0x002e24    program     extern C:\Users\anhni\Downloads\PICKITMPLAB\VDK-11-5 (extract.me)\Bai5_TRAFFIC_UART\timer\timer.c
                init_uart   0x00241e    program     extern C:\Users\anhni\Downloads\PICKITMPLAB\VDK-11-5 (extract.me)\Bai5_TRAFFIC_UART\uart\uart.c
              isButton4Up   0x000550    program     extern C:\Users\anhni\Downloads\PICKITMPLAB\VDK-11-5 (extract.me)\Bai5_TRAFFIC_UART\main.c
              isButton5Up   0x000576    program     extern C:\Users\anhni\Downloads\PICKITMPLAB\VDK-11-5 (extract.me)\Bai5_TRAFFIC_UART\main.c
              isButton6Up   0x00059c    program     extern C:\Users\anhni\Downloads\PICKITMPLAB\VDK-11-5 (extract.me)\Bai5_TRAFFIC_UART\main.c
              isButton8Up   0x0005c2    program     extern C:\Users\anhni\Downloads\PICKITMPLAB\VDK-11-5 (extract.me)\Bai5_TRAFFIC_UART\main.c
            isButtonEnter   0x000bce    program     extern C:\Users\anhni\Downloads\PICKITMPLAB\VDK-11-5 (extract.me)\Bai5_TRAFFIC_UART\main.c
           isButtonNumber   0x000b88    program     extern C:\Users\anhni\Downloads\PICKITMPLAB\VDK-11-5 (extract.me)\Bai5_TRAFFIC_UART\main.c
                lcd_clear   0x001086    program     extern C:\Users\anhni\Downloads\PICKITMPLAB\VDK-11-5 (extract.me)\Bai5_TRAFFIC_UART\lcd\lcd.c
                lcd_delay   0x000eda    program     extern C:\Users\anhni\Downloads\PICKITMPLAB\VDK-11-5 (extract.me)\Bai5_TRAFFIC_UART\lcd\lcd.c
                 lcd_init   0x000f78    program     extern C:\Users\anhni\Downloads\PICKITMPLAB\VDK-11-5 (extract.me)\Bai5_TRAFFIC_UART\lcd\lcd.c
             lcd_power_of   0x001096    program     extern C:\Users\anhni\Downloads\PICKITMPLAB\VDK-11-5 (extract.me)\Bai5_TRAFFIC_UART\lcd\lcd.c
           lcd_print_char   0x001028    program     extern C:\Users\anhni\Downloads\PICKITMPLAB\VDK-11-5 (extract.me)\Bai5_TRAFFIC_UART\lcd\lcd.c
          lcd_print_charS   0x001222    program     extern C:\Users\anhni\Downloads\PICKITMPLAB\VDK-11-5 (extract.me)\Bai5_TRAFFIC_UART\lcd\lcd.c
            lcd_print_num   0x001140    program     extern C:\Users\anhni\Downloads\PICKITMPLAB\VDK-11-5 (extract.me)\Bai5_TRAFFIC_UART\lcd\lcd.c
            lcd_print_str   0x00102a    program     extern C:\Users\anhni\Downloads\PICKITMPLAB\VDK-11-5 (extract.me)\Bai5_TRAFFIC_UART\lcd\lcd.c
              lcd_putchar   0x001026    program     extern C:\Users\anhni\Downloads\PICKITMPLAB\VDK-11-5 (extract.me)\Bai5_TRAFFIC_UART\lcd\lcd.c
          lcd_read_status   0x000fb0    program     extern C:\Users\anhni\Downloads\PICKITMPLAB\VDK-11-5 (extract.me)\Bai5_TRAFFIC_UART\lcd\lcd.c
          lcd_sendCommand   0x000f66    program     extern C:\Users\anhni\Downloads\PICKITMPLAB\VDK-11-5 (extract.me)\Bai5_TRAFFIC_UART\lcd\lcd.c
           lcd_set_cursor   0x00105a    program     extern C:\Users\anhni\Downloads\PICKITMPLAB\VDK-11-5 (extract.me)\Bai5_TRAFFIC_UART\lcd\lcd.c
            lcd_wait_busy   0x000fe8    program     extern C:\Users\anhni\Downloads\PICKITMPLAB\VDK-11-5 (extract.me)\Bai5_TRAFFIC_UART\lcd\lcd.c
          lcd_write_4bits   0x000ffa    program     extern C:\Users\anhni\Downloads\PICKITMPLAB\VDK-11-5 (extract.me)\Bai5_TRAFFIC_UART\lcd\lcd.c
            lcd_write_cmd   0x00100c    program     extern C:\Users\anhni\Downloads\PICKITMPLAB\VDK-11-5 (extract.me)\Bai5_TRAFFIC_UART\lcd\lcd.c
           lcd_write_data   0x001018    program     extern C:\Users\anhni\Downloads\PICKITMPLAB\VDK-11-5 (extract.me)\Bai5_TRAFFIC_UART\lcd\lcd.c
                     loop   0x003412    program     static                          
                     loop   0x0034e8    program     static                          
                     loop   0x0033cc    program     static                          
                     loop   0x003482    program     static                          
                     loop   0x0034d4    program     static                          
                   loop_h   0x0034b2    program     static E:\3.46\pic18-lt\cxx-framework\src\traditional\proc\p18f4620.asm
                   loop_l   0x0034bc    program     static E:\3.46\pic18-lt\cxx-framework\src\traditional\proc\p18f4620.asm
                  low_isr   0x00300e    program     extern C:\Users\anhni\Downloads\PICKITMPLAB\VDK-11-5 (extract.me)\Bai5_TRAFFIC_UART\interrupt\interrupt.c
                     main   0x000080    program     extern C:\Users\anhni\Downloads\PICKITMPLAB\VDK-11-5 (extract.me)\Bai5_TRAFFIC_UART\main.c
              read_ds1307   0x002c60    program     extern C:\Users\anhni\Downloads\PICKITMPLAB\VDK-11-5 (extract.me)\Bai5_TRAFFIC_UART\i2c\i2c.c
              read_eeprom   0x002cba    program     extern C:\Users\anhni\Downloads\PICKITMPLAB\VDK-11-5 (extract.me)\Bai5_TRAFFIC_UART\i2c\i2c.c
          scan_key_matrix   0x0027b8    program     extern C:\Users\anhni\Downloads\PICKITMPLAB\VDK-11-5 (extract.me)\Bai5_TRAFFIC_UART\button_matrix\button.c
   scan_key_matrix_1_line   0x00283a    program     extern C:\Users\anhni\Downloads\PICKITMPLAB\VDK-11-5 (extract.me)\Bai5_TRAFFIC_UART\button_matrix\button.c
     scan_key_matrix_demo   0x0028fa    program     extern C:\Users\anhni\Downloads\PICKITMPLAB\VDK-11-5 (extract.me)\Bai5_TRAFFIC_UART\button_matrix\button.c
scan_key_matrix_new_board   0x002950    program     extern C:\Users\anhni\Downloads\PICKITMPLAB\VDK-11-5 (extract.me)\Bai5_TRAFFIC_UART\button_matrix\button.c
scan_key_matrix_with_uart   0x0027f8    program     extern C:\Users\anhni\Downloads\PICKITMPLAB\VDK-11-5 (extract.me)\Bai5_TRAFFIC_UART\button_matrix\button.c
scan_key_matrix_with_uart_i2c   0x00286e    program     extern C:\Users\anhni\Downloads\PICKITMPLAB\VDK-11-5 (extract.me)\Bai5_TRAFFIC_UART\button_matrix\button.c
             set_DC_speed   0x003462    program     extern C:\Users\anhni\Downloads\PICKITMPLAB\VDK-11-5 (extract.me)\Bai5_TRAFFIC_UART\pwm\pwm.c
             setting_time   0x0006c2    program     extern C:\Users\anhni\Downloads\PICKITMPLAB\VDK-11-5 (extract.me)\Bai5_TRAFFIC_UART\main.c
             start_timer0   0x002dc0    program     extern C:\Users\anhni\Downloads\PICKITMPLAB\VDK-11-5 (extract.me)\Bai5_TRAFFIC_UART\timer\timer.c
             start_timer1   0x002dee    program     extern C:\Users\anhni\Downloads\PICKITMPLAB\VDK-11-5 (extract.me)\Bai5_TRAFFIC_UART\timer\timer.c
             start_timer2   0x002e18    program     extern C:\Users\anhni\Downloads\PICKITMPLAB\VDK-11-5 (extract.me)\Bai5_TRAFFIC_UART\timer\timer.c
             start_timer3   0x002e52    program     extern C:\Users\anhni\Downloads\PICKITMPLAB\VDK-11-5 (extract.me)\Bai5_TRAFFIC_UART\timer\timer.c
              stop_timer0   0x002dbc    program     extern C:\Users\anhni\Downloads\PICKITMPLAB\VDK-11-5 (extract.me)\Bai5_TRAFFIC_UART\timer\timer.c
              stop_timer1   0x002df4    program     extern C:\Users\anhni\Downloads\PICKITMPLAB\VDK-11-5 (extract.me)\Bai5_TRAFFIC_UART\timer\timer.c
              stop_timer2   0x002e20    program     extern C:\Users\anhni\Downloads\PICKITMPLAB\VDK-11-5 (extract.me)\Bai5_TRAFFIC_UART\timer\timer.c
              stop_timer3   0x002e62    program     extern C:\Users\anhni\Downloads\PICKITMPLAB\VDK-11-5 (extract.me)\Bai5_TRAFFIC_UART\timer\timer.c
                     test   0x00323a    program     static                          
               timer0_isr   0x002e66    program     extern C:\Users\anhni\Downloads\PICKITMPLAB\VDK-11-5 (extract.me)\Bai5_TRAFFIC_UART\timer\timer.c
               timer1_isr   0x002e82    program     extern C:\Users\anhni\Downloads\PICKITMPLAB\VDK-11-5 (extract.me)\Bai5_TRAFFIC_UART\timer\timer.c
               timer2_isr   0x002e9e    program     extern C:\Users\anhni\Downloads\PICKITMPLAB\VDK-11-5 (extract.me)\Bai5_TRAFFIC_UART\timer\timer.c
               timer3_isr   0x002eba    program     extern C:\Users\anhni\Downloads\PICKITMPLAB\VDK-11-5 (extract.me)\Bai5_TRAFFIC_UART\timer\timer.c
            uart_delay_ms   0x00243c    program     extern C:\Users\anhni\Downloads\PICKITMPLAB\VDK-11-5 (extract.me)\Bai5_TRAFFIC_UART\uart\uart.c
                 uart_isr   0x0024f6    program     extern C:\Users\anhni\Downloads\PICKITMPLAB\VDK-11-5 (extract.me)\Bai5_TRAFFIC_UART\uart\uart.c
[...]
                     DDRB   0x000f93       data     extern E:\3.46\pic18-lt\cxx-framework\src\traditional\proc\p18f4620.asm
                    TRISB   0x000f93       data     extern E:\3.46\pic18-lt\cxx-framework\src\traditional\proc\p18f4620.asm
                TRISBbits   0x000f93       data     extern E:\3.46\pic18-lt\cxx-framework\src\traditional\proc\p18f4620.asm
                     DDRC   0x000f94       data     extern E:\3.46\pic18-lt\cxx-framework\src\traditional\proc\p18f4620.asm
                 DDRCbits   0x000f94       data     extern E:\3.46\pic18-lt\cxx-framework\src\traditional\proc\p18f4620.asm
                TRISCbits   0x000f94       data     extern E:\3.46\pic18-lt\cxx-framework\src\traditional\proc\p18f4620.asm
                    TRISC   0x000f94       data     extern E:\3.46\pic18-lt\cxx-framework\src\traditional\proc\p18f4620.asm
                 DDRDbits   0x000f95       data     extern E:\3.46\pic18-lt\cxx-framework\src\traditional\proc\p18f4620.asm
                     DDRD   0x000f95       data     extern E:\3.46\pic18-lt\cxx-framework\src\traditional\proc\p18f4620.asm
                TRISDbits   0x000f95       data     extern E:\3.46\pic18-lt\cxx-framework\src\traditional\proc\p18f4620.asm
                    TRISD   0x000f95       data     extern E:\3.46\pic18-lt\cxx-framework\src\traditional\proc\p18f4620.asm
                 DDREbits   0x000f96       data     extern E:\3.46\pic18-lt\cxx-framework\src\traditional\proc\p18f4620.asm
                     DDRE   0x000f96       data     extern E:\3.46\pic18-lt\cxx-framework\src\traditional\proc\p18f4620.asm
                TRISEbits   0x000f96       data     extern E:\3.46\pic18-lt\cxx-framework\src\traditional\proc\p18f4620.asm
                    TRISE   0x000f96       data     extern E:\3.46\pic18-lt\cxx-framework\src\traditional\proc\p18f4620.asm
                  OSCTUNE   0x000f9b       data     extern E:\3.46\pic18-lt\cxx-framework\src\traditional\proc\p18f4620.asm
              OSCTUNEbits   0x000f9b       data     extern E:\3.46\pic18-lt\cxx-framework\src\traditional\proc\p18f4620.asm
                     PIE1   0x000f9d       data     extern E:\3.46\pic18-lt\cxx-framework\src\traditional\proc\p18f4620.asm
                 PIE1bits   0x000f9d       data     extern E:\3.46\pic18-lt\cxx-framework\src\traditional\proc\p18f4620.asm
                     PIR1   0x000f9e       data     extern E:\3.46\pic18-lt\cxx-framework\src\traditional\proc\p18f4620.asm
                 PIR1bits   0x000f9e       data     extern E:\3.46\pic18-lt\cxx-framework\src\traditional\proc\p18f4620.asm
                     IPR1   0x000f9f       data     extern E:\3.46\pic18-lt\cxx-framework\src\traditional\proc\p18f4620.asm
                 IPR1bits   0x000f9f       data     extern E:\3.46\pic18-lt\cxx-framework\src\traditional\proc\p18f4620.asm
                     PIE2   0x000fa0       data     extern E:\3.46\pic18-lt\cxx-framework\src\traditional\proc\p18f4620.asm
                 PIE2bits   0x000fa0       data     extern E:\3.46\pic18-lt\cxx-framework\src\traditional\proc\p18f4620.asm
                 PIR2bits   0x000fa1       data     extern E:\3.46\pic18-lt\cxx-framework\src\traditional\proc\p18f4620.asm
                     PIR2   0x000fa1       data     extern E:\3.46\pic18-lt\cxx-framework\src\traditional\proc\p18f4620.asm
                 IPR2bits   0x000fa2       data     extern E:\3.46\pic18-lt\cxx-framework\src\traditional\proc\p18f4620.asm
                     IPR2   0x000fa2       data     extern E:\3.46\pic18-lt\cxx-framework\src\traditional\proc\p18f4620.asm
               EECON1bits   0x000fa6       data     extern E:\3.46\pic18-lt\cxx-framework\src\traditional\proc\p18f4620.asm
                   EECON1   0x000fa6       data     extern E:\3.46\pic18-lt\cxx-framework\src\traditional\proc\p18f4620.asm
                   EECON2   0x000fa7       data     extern E:\3.46\pic18-lt\cxx-framework\src\traditional\proc\p18f4620.asm
                   EEDATA   0x000fa8       data     extern E:\3.46\pic18-lt\cxx-framework\src\traditional\proc\p18f4620.asm
                    EEADR   0x000fa9       data     extern E:\3.46\pic18-lt\cxx-framework\src\traditional\proc\p18f4620.asm
                   EEADRH   0x000faa       data     extern E:\3.46\pic18-lt\cxx-framework\src\traditional\proc\p18f4620.asm
                    RCSTA   0x000fab       data     extern E:\3.46\pic18-lt\cxx-framework\src\traditional\proc\p18f4620.asm
                RCSTAbits   0x000fab       data     extern E:\3.46\pic18-lt\cxx-framework\src\traditional\proc\p18f4620.asm
                TXSTAbits   0x000fac       data     extern E:\3.46\pic18-lt\cxx-framework\src\traditional\proc\p18f4620.asm
                    TXSTA   0x000fac       data     extern E:\3.46\pic18-lt\cxx-framework\src\traditional\proc\p18f4620.asm
                    TXREG   0x000fad       data     extern E:\3.46\pic18-lt\cxx-framework\src\traditional\proc\p18f4620.asm
                    RCREG   0x000fae       data     extern E:\3.46\pic18-lt\cxx-framework\src\traditional\proc\p18f4620.asm
                    SPBRG   0x000faf       data     extern E:\3.46\pic18-lt\cxx-framework\src\traditional\proc\p18f4620.asm
                   SPBRGH   0x000fb0       data     extern E:\3.46\pic18-lt\cxx-framework\src\traditional\proc\p18f4620.asm
                T3CONbits   0x000fb1       data     extern E:\3.46\pic18-lt\cxx-framework\src\traditional\proc\p18f4620.asm
                    T3CON   0x000fb1       data     extern E:\3.46\pic18-lt\cxx-framework\src\traditional\proc\p18f4620.asm
                    TMR3L   0x000fb2       data     extern E:\3.46\pic18-lt\cxx-framework\src\traditional\proc\p18f4620.asm
                    TMR3H   0x000fb3       data     extern E:\3.46\pic18-lt\cxx-framework\src\traditional\proc\p18f4620.asm
                    CMCON   0x000fb4       data     extern E:\3.46\pic18-lt\cxx-framework\src\traditional\proc\p18f4620.asm
                CMCONbits   0x000fb4       data     extern E:\3.46\pic18-lt\cxx-framework\src\traditional\proc\p18f4620.asm
               CVRCONbits   0x000fb5       data     extern E:\3.46\pic18-lt\cxx-framework\src\traditional\proc\p18f4620.asm
                   CVRCON   0x000fb5       data     extern E:\3.46\pic18-lt\cxx-framework\src\traditional\proc\p18f4620.asm
              ECCP1ASbits   0x000fb6       data     extern E:\3.46\pic18-lt\cxx-framework\src\traditional\proc\p18f4620.asm
                  ECCP1AS   0x000fb6       data     extern E:\3.46\pic18-lt\cxx-framework\src\traditional\proc\p18f4620.asm
                  PWM1CON   0x000fb7       data     extern E:\3.46\pic18-lt\cxx-framework\src\traditional\proc\p18f4620.asm
              PWM1CONbits   0x000fb7       data     extern E:\3.46\pic18-lt\cxx-framework\src\traditional\proc\p18f4620.asm
                  BAUDCON   0x000fb8       data     extern E:\3.46\pic18-lt\cxx-framework\src\traditional\proc\p18f4620.asm
              BAUDCONbits   0x000fb8       data     extern E:\3.46\pic18-lt\cxx-framework\src\traditional\proc\p18f4620.asm
                  BAUDCTL   0x000fb8       data     extern E:\3.46\pic18-lt\cxx-framework\src\traditional\proc\p18f4620.asm
              BAUDCTLbits   0x000fb8       data     extern E:\3.46\pic18-lt\cxx-framework\src\traditional\proc\p18f4620.asm
              CCP2CONbits   0x000fba       data     extern E:\3.46\pic18-lt\cxx-framework\src\traditional\proc\p18f4620.asm
                  CCP2CON   0x000fba       data     extern E:\3.46\pic18-lt\cxx-framework\src\traditional\proc\p18f4620.asm
                   CCPR2L   0x000fbb       data     extern E:\3.46\pic18-lt\cxx-framework\src\traditional\proc\p18f4620.asm
                    CCPR2   0x000fbb       data     extern E:\3.46\pic18-lt\cxx-framework\src\traditional\proc\p18f4620.asm
                   CCPR2H   0x000fbc       data     extern E:\3.46\pic18-lt\cxx-framework\src\traditional\proc\p18f4620.asm
              CCP1CONbits   0x000fbd       data     extern E:\3.46\pic18-lt\cxx-framework\src\traditional\proc\p18f4620.asm
                  CCP1CON   0x000fbd       data     extern E:\3.46\pic18-lt\cxx-framework\src\traditional\proc\p18f4620.asm
                    CCPR1   0x000fbe       data     extern E:\3.46\pic18-lt\cxx-framework\src\traditional\proc\p18f4620.asm
                   CCPR1L   0x000fbe       data     extern E:\3.46\pic18-lt\cxx-framework\src\traditional\proc\p18f4620.asm
                   CCPR1H   0x000fbf       data     extern E:\3.46\pic18-lt\cxx-framework\src\traditional\proc\p18f4620.asm
               ADCON2bits   0x000fc0       data     extern E:\3.46\pic18-lt\cxx-framework\src\traditional\proc\p18f4620.asm
                   ADCON2   0x000fc0       data     extern E:\3.46\pic18-lt\cxx-framework\src\traditional\proc\p18f4620.asm
               ADCON1bits   0x000fc1       data     extern E:\3.46\pic18-lt\cxx-framework\src\traditional\proc\p18f4620.asm
                   ADCON1   0x000fc1       data     extern E:\3.46\pic18-lt\cxx-framework\src\traditional\proc\p18f4620.asm
                   ADCON0   0x000fc2       data     extern E:\3.46\pic18-lt\cxx-framework\src\traditional\proc\p18f4620.asm
               ADCON0bits   0x000fc2       data     extern E:\3.46\pic18-lt\cxx-framework\src\traditional\proc\p18f4620.asm
                    ADRES   0x000fc3       data     extern E:\3.46\pic18-lt\cxx-framework\src\traditional\proc\p18f4620.asm
                   ADRESL   0x000fc3       data     extern E:\3.46\pic18-lt\cxx-framework\src\traditional\proc\p18f4620.asm
                   ADRESH   0x000fc4       data     extern E:\3.46\pic18-lt\cxx-framework\src\traditional\proc\p18f4620.asm
                  SSPCON2   0x000fc5       data     extern E:\3.46\pic18-lt\cxx-framework\src\traditional\proc\p18f4620.asm
              SSPCON2bits   0x000fc5       data     extern E:\3.46\pic18-lt\cxx-framework\src\traditional\proc\p18f4620.asm
                  SSPCON1   0x000fc6       data     extern E:\3.46\pic18-lt\cxx-framework\src\traditional\proc\p18f4620.asm
              SSPCON1bits   0x000fc6       data     extern E:\3.46\pic18-lt\cxx-framework\src\traditional\proc\p18f4620.asm
                  SSPSTAT   0x000fc7       data     extern E:\3.46\pic18-lt\cxx-framework\src\traditional\proc\p18f4620.asm
              SSPSTATbits   0x000fc7       data     extern E:\3.46\pic18-lt\cxx-framework\src\traditional\proc\p18f4620.asm
                   SSPADD   0x000fc8       data     extern E:\3.46\pic18-lt\cxx-framework\src\traditional\proc\p18f4620.asm
                   SSPBUF   0x000fc9       data     extern E:\3.46\pic18-lt\cxx-framework\src\traditional\proc\p18f4620.asm
                    T2CON   0x000fca       data     extern E:\3.46\pic18-lt\cxx-framework\src\traditional\proc\p18f4620.asm
                T2CONbits   0x000fca       data     extern E:\3.46\pic18-lt\cxx-framework\src\traditional\proc\p18f4620.asm
                      PR2   0x000fcb       data     extern E:\3.46\pic18-lt\cxx-framework\src\traditional\proc\p18f4620.asm
                     TMR2   0x000fcc       data     extern E:\3.46\pic18-lt\cxx-framework\src\traditional\proc\p18f4620.asm
                T1CONbits   0x000fcd       data     extern E:\3.46\pic18-lt\cxx-framework\src\traditional\proc\p18f4620.asm
                    T1CON   0x000fcd       data     extern E:\3.46\pic18-lt\cxx-framework\src\traditional\proc\p18f4620.asm
                    TMR1L   0x000fce       data     extern E:\3.46\pic18-lt\cxx-framework\src\traditional\proc\p18f4620.asm
                    TMR1H   0x000fcf       data     extern E:\3.46\pic18-lt\cxx-framework\src\traditional\proc\p18f4620.asm
                     RCON   0x000fd0       data     extern E:\3.46\pic18-lt\cxx-framework\src\traditional\proc\p18f4620.asm
                 RCONbits   0x000fd0       data     extern E:\3.46\pic18-lt\cxx-framework\src\traditional\proc\p18f4620.asm
               WDTCONbits   0x000fd1       data     extern E:\3.46\pic18-lt\cxx-framework\src\traditional\proc\p18f4620.asm
                   WDTCON   0x000fd1       data     extern E:\3.46\pic18-lt\cxx-framework\src\traditional\proc\p18f4620.asm
               LVDCONbits   0x000fd2       data     extern E:\3.46\pic18-lt\cxx-framework\src\traditional\proc\p18f4620.asm
                   LVDCON   0x000fd2       data     extern E:\3.46\pic18-lt\cxx-framework\src\traditional\proc\p18f4620.asm
              HLVDCONbits   0x000fd2       data     extern E:\3.46\pic18-lt\cxx-framework\src\traditional\proc\p18f4620.asm
                  HLVDCON   0x000fd2       data     extern E:\3.46\pic18-lt\cxx-framework\src\traditional\proc\p18f4620.asm
               OSCCONbits   0x000fd3       data     extern E:\3.46\pic18-lt\cxx-framework\src\traditional\proc\p18f4620.asm
                   OSCCON   0x000fd3       data     extern E:\3.46\pic18-lt\cxx-framework\src\traditional\proc\p18f4620.asm
                T0CONbits   0x000fd5       data     extern E:\3.46\pic18-lt\cxx-framework\src\traditional\proc\p18f4620.asm
                    T0CON   0x000fd5       data     extern E:\3.46\pic18-lt\cxx-framework\src\traditional\proc\p18f4620.asm
                    TMR0L   0x000fd6       data     extern E:\3.46\pic18-lt\cxx-framework\src\traditional\proc\p18f4620.asm
                    TMR0H   0x000fd7       data     extern E:\3.46\pic18-lt\cxx-framework\src\traditional\proc\p18f4620.asm
                   STATUS   0x000fd8       data     extern E:\3.46\pic18-lt\cxx-framework\src\traditional\proc\p18f4620.asm
               STATUSbits   0x000fd8       data     extern E:\3.46\pic18-lt\cxx-framework\src\traditional\proc\p18f4620.asm
                     FSR2   0x000fd9       data     extern E:\3.46\pic18-lt\cxx-framework\src\traditional\proc\p18f4620.asm
                    FSR2L   0x000fd9       data     extern E:\3.46\pic18-lt\cxx-framework\src\traditional\proc\p18f4620.asm
                    FSR2H   0x000fda       data     extern E:\3.46\pic18-lt\cxx-framework\src\traditional\proc\p18f4620.asm
                   PLUSW2   0x000fdb       data     extern E:\3.46\pic18-lt\cxx-framework\src\traditional\proc\p18f4620.asm
                  PREINC2   0x000fdc       data     extern E:\3.46\pic18-lt\cxx-framework\src\traditional\proc\p18f4620.asm
                 POSTDEC2   0x000fdd       data     extern E:\3.46\pic18-lt\cxx-framework\src\traditional\proc\p18f4620.asm
                 POSTINC2   0x000fde       data     extern E:\3.46\pic18-lt\cxx-framework\src\traditional\proc\p18f4620.asm
                    INDF2   0x000fdf       data     extern E:\3.46\pic18-lt\cxx-framework\src\traditional\proc\p18f4620.asm
                      BSR   0x000fe0       data     extern E:\3.46\pic18-lt\cxx-framework\src\traditional\proc\p18f4620.asm
                     FSR1   0x000fe1       data     extern E:\3.46\pic18-lt\cxx-framework\src\traditional\proc\p18f4620.asm
                    FSR1L   0x000fe1       data     extern E:\3.46\pic18-lt\cxx-framework\src\traditional\proc\p18f4620.asm
                    FSR1H   0x000fe2       data     extern E:\3.46\pic18-lt\cxx-framework\src\traditional\proc\p18f4620.asm
                   PLUSW1   0x000fe3       data     extern E:\3.46\pic18-lt\cxx-framework\src\traditional\proc\p18f4620.asm
                  PREINC1   0x000fe4       data     extern E:\3.46\pic18-lt\cxx-framework\src\traditional\proc\p18f4620.asm
                 POSTDEC1   0x000fe5       data     extern E:\3.46\pic18-lt\cxx-framework\src\traditional\proc\p18f4620.asm
                 POSTINC1   0x000fe6       data     extern E:\3.46\pic18-lt\cxx-framework\src\traditional\proc\p18f4620.asm
                    INDF1   0x000fe7       data     extern E:\3.46\pic18-lt\cxx-framework\src\traditional\proc\p18f4620.asm
                        W   0x000fe8       data     extern E:\3.46\pic18-lt\cxx-framework\src\traditional\proc\p18f4620.asm
                     WREG   0x000fe8       data     extern E:\3.46\pic18-lt\cxx-framework\src\traditional\proc\p18f4620.asm
                    FSR0L   0x000fe9       data     extern E:\3.46\pic18-lt\cxx-framework\src\traditional\proc\p18f4620.asm
                     FSR0   0x000fe9       data     extern E:\3.46\pic18-lt\cxx-framework\src\traditional\proc\p18f4620.asm
                    FSR0H   0x000fea       data     extern E:\3.46\pic18-lt\cxx-framework\src\traditional\proc\p18f4620.asm
                   PLUSW0   0x000feb       data     extern E:\3.46\pic18-lt\cxx-framework\src\traditional\proc\p18f4620.asm
                  PREINC0   0x000fec       data     extern E:\3.46\pic18-lt\cxx-framework\src\traditional\proc\p18f4620.asm
                 POSTDEC0   0x000fed       data     extern E:\3.46\pic18-lt\cxx-framework\src\traditional\proc\p18f4620.asm
                 POSTINC0   0x000fee       data     extern E:\3.46\pic18-lt\cxx-framework\src\traditional\proc\p18f4620.asm
                    INDF0   0x000fef       data     extern E:\3.46\pic18-lt\cxx-framework\src\traditional\proc\p18f4620.asm
              INTCON3bits   0x000ff0       data     extern E:\3.46\pic18-lt\cxx-framework\src\traditional\proc\p18f4620.asm
                  INTCON3   0x000ff0       data     extern E:\3.46\pic18-lt\cxx-framework\src\traditional\proc\p18f4620.asm
                  INTCON2   0x000ff1       data     extern E:\3.46\pic18-lt\cxx-framework\src\traditional\proc\p18f4620.asm
              INTCON2bits   0x000ff1       data     extern E:\3.46\pic18-lt\cxx-framework\src\traditional\proc\p18f4620.asm
                   INTCON   0x000ff2       data     extern E:\3.46\pic18-lt\cxx-framework\src\traditional\proc\p18f4620.asm
               INTCONbits   0x000ff2       data     extern E:\3.46\pic18-lt\cxx-framework\src\traditional\proc\p18f4620.asm
                     PROD   0x000ff3       data     extern E:\3.46\pic18-lt\cxx-framework\src\traditional\proc\p18f4620.asm
                    PRODL   0x000ff3       data     extern E:\3.46\pic18-lt\cxx-framework\src\traditional\proc\p18f4620.asm
                    PRODH   0x000ff4       data     extern E:\3.46\pic18-lt\cxx-framework\src\traditional\proc\p18f4620.asm
                   TABLAT   0x000ff5       data     extern E:\3.46\pic18-lt\cxx-framework\src\traditional\proc\p18f4620.asm
                  TBLPTRL   0x000ff6       data     extern E:\3.46\pic18-lt\cxx-framework\src\traditional\proc\p18f4620.asm
                   TBLPTR   0x000ff6       data     extern E:\3.46\pic18-lt\cxx-framework\src\traditional\proc\p18f4620.asm
                  TBLPTRH   0x000ff7       data     extern E:\3.46\pic18-lt\cxx-framework\src\traditional\proc\p18f4620.asm
                  TBLPTRU   0x000ff8       data     extern E:\3.46\pic18-lt\cxx-framework\src\traditional\proc\p18f4620.asm
                       PC   0x000ff9       data     extern E:\3.46\pic18-lt\cxx-framework\src\traditional\proc\p18f4620.asm
                      PCL   0x000ff9       data     extern E:\3.46\pic18-lt\cxx-framework\src\traditional\proc\p18f4620.asm
                   PCLATH   0x000ffa       data     extern E:\3.46\pic18-lt\cxx-framework\src\traditional\proc\p18f4620.asm
                   PCLATU   0x000ffb       data     extern E:\3.46\pic18-lt\cxx-framework\src\traditional\proc\p18f4620.asm
                   STKPTR   0x000ffc       data     extern E:\3.46\pic18-lt\cxx-framework\src\traditional\proc\p18f4620.asm
               STKPTRbits   0x000ffc       data     extern E:\3.46\pic18-lt\cxx-framework\src\traditional\proc\p18f4620.asm
                      TOS   0x000ffd       data     extern E:\3.46\pic18-lt\cxx-framework\src\traditional\proc\p18f4620.asm
                     TOSL   0x000ffd       data     extern E:\3.46\pic18-lt\cxx-framework\src\traditional\proc\p18f4620.asm
                     TOSH   0x000ffe       data     extern E:\3.46\pic18-lt\cxx-framework\src\traditional\proc\p18f4620.asm
                     TOSU   0x000fff       data     extern E:\3.46\pic18-lt\cxx-framework\src\traditional\proc\p18f4620.asm


